-- The C compiler identification is GNU 13.3.0
-- The CXX compiler identification is GNU 13.3.0
-- Detecting C compiler ABI info
-- Detecting C compiler ABI info - done
-- Check for working C compiler: /usr/bin/cc - skipped
-- Detecting C compile features
-- Detecting C compile features - done
-- Detecting CXX compiler ABI info
-- Detecting CXX compiler ABI info - done
-- Check for working CXX compiler: /usr/bin/c++ - skipped
-- Detecting CXX compile features
-- Detecting CXX compile features - done
-- Found ament_cmake_auto: 2.5.6 (/opt/ros/jazzy/share/ament_cmake_auto/cmake)
-- Found Python3: /usr/bin/python3 (found version "3.12.3") found components: Interpreter 
-- Using all available rosidl_typesupport_c: rosidl_typesupport_fastrtps_c;rosidl_typesupport_introspection_c
-- Using all available rosidl_typesupport_cpp: rosidl_typesupport_fastrtps_cpp;rosidl_typesupport_introspection_cpp
-- Found rosidl_adapter: 4.6.9 (/opt/ros/jazzy/share/rosidl_adapter/cmake)
-- Found rmw_implementation_cmake: 7.3.3 (/opt/ros/jazzy/share/rmw_implementation_cmake/cmake)
-- Found rmw_cyclonedds_cpp: 2.2.4 (/opt/ros/jazzy/share/rmw_cyclonedds_cpp/cmake)
-- Using RMW implementation 'rmw_cyclonedds_cpp' as default
-- Found ament_cmake_ros: 0.12.1 (/opt/ros/jazzy/share/ament_cmake_ros/cmake)
-- Using all available rosidl_typesupport_c: rosidl_typesupport_fastrtps_c;rosidl_typesupport_introspection_c
-- Using all available rosidl_typesupport_cpp: rosidl_typesupport_fastrtps_cpp;rosidl_typesupport_introspection_cpp
-- Found python_cmake_module: 0.11.1 (/opt/ros/jazzy/share/python_cmake_module/cmake)
-- Found PythonExtra: /usr/bin/python3  
-- Found Python3: /usr/bin/python3 (found version "3.12.3") found components: Interpreter Development NumPy Development.Module Development.Embed 
-- Found Python3: /usr/bin/python3 (found version "3.12.3") found components: Interpreter 
-- Found gtest sources under '/opt/ros/jazzy/src/gtest_vendor': C++ tests using 'Google Test' will be built
-- Performing Test CMAKE_HAVE_LIBC_PTHREAD
-- Performing Test CMAKE_HAVE_LIBC_PTHREAD - Success
-- Found Threads: TRUE  
-- Configuring done (2.9s)
-- Generating done (0.1s)
-- Build files have been written to: /home/mickaborscha/ros_hallway_pathfinder/robot_ws/build/underground_world
[  1%] [34m[1mGenerating type hashes for ROS interfaces[0m
[  2%] [34m[1mGenerating Rust code for ROS interfaces[0m
[  3%] [32mBuilding CXX object gtest/CMakeFiles/gtest_main.dir/src/gtest_main.cc.o[0m
[  3%] [32mBuilding CXX object gtest/CMakeFiles/gtest.dir/src/gtest-all.cc.o[0m
[  3%] [32mBuilding CXX object CMakeFiles/underground_world_core.dir/src/scenario_loader.cpp.o[0m
[  4%] [32mBuilding CXX object CMakeFiles/underground_world_core.dir/src/pathfinder_service.cpp.o[0m
[  5%] [32mBuilding CXX object CMakeFiles/underground_world_core.dir/src/world_model.cpp.o[0m
[  5%] Built target ament_cmake_python_copy_underground_world
running egg_info
creating underground_world.egg-info
writing underground_world.egg-info/PKG-INFO
writing dependency_links to underground_world.egg-info/dependency_links.txt
writing top-level names to underground_world.egg-info/top_level.txt
writing manifest file 'underground_world.egg-info/SOURCES.txt'
reading manifest file 'underground_world.egg-info/SOURCES.txt'
writing manifest file 'underground_world.egg-info/SOURCES.txt'
[  5%] Built target ament_cmake_python_build_underground_world_egg
[  5%] Built target underground_world__rosidl_generator_type_description
[  6%] [34m[1mGenerating C code for ROS interfaces[0m
[  7%] [34m[1mGenerating C++ code for ROS interfaces[0m
[  7%] Built target underground_world__rs
[  7%] Built target underground_world__cpp
[  8%] [32m[1mLinking CXX shared library libunderground_world_core.so[0m
[  9%] [32mBuilding C object CMakeFiles/underground_world__rosidl_generator_c.dir/rosidl_generator_c/underground_world/msg/detail/local_scan__functions.c.o[0m
[ 10%] [32mBuilding C object CMakeFiles/underground_world__rosidl_generator_c.dir/rosidl_generator_c/underground_world/msg/detail/cell_observation__functions.c.o[0m
[ 10%] [32mBuilding C object CMakeFiles/underground_world__rosidl_generator_c.dir/rosidl_generator_c/underground_world/msg/detail/cell_observation__description.c.o[0m
[ 12%] [32mBuilding C object CMakeFiles/underground_world__rosidl_generator_c.dir/rosidl_generator_c/underground_world/msg/detail/local_scan__description.c.o[0m
[ 12%] [32mBuilding C object CMakeFiles/underground_world__rosidl_generator_c.dir/rosidl_generator_c/underground_world/msg/detail/local_scan__type_support.c.o[0m
[ 14%] [32mBuilding C object CMakeFiles/underground_world__rosidl_generator_c.dir/rosidl_generator_c/underground_world/msg/detail/move_command__functions.c.o[0m
[ 13%] [32mBuilding C object CMakeFiles/underground_world__rosidl_generator_c.dir/rosidl_generator_c/underground_world/msg/detail/move_command__description.c.o[0m
[ 15%] [32mBuilding C object CMakeFiles/underground_world__rosidl_generator_c.dir/rosidl_generator_c/underground_world/msg/detail/cell_observation__type_support.c.o[0m
[ 16%] [32mBuilding C object CMakeFiles/underground_world__rosidl_generator_c.dir/rosidl_generator_c/underground_world/msg/detail/move_command__type_support.c.o[0m
[ 16%] [32mBuilding C object CMakeFiles/underground_world__rosidl_generator_c.dir/rosidl_generator_c/underground_world/msg/detail/enemy_down__functions.c.o[0m
[ 17%] [32mBuilding C object CMakeFiles/underground_world__rosidl_generator_c.dir/rosidl_generator_c/underground_world/msg/detail/enemy_down__description.c.o[0m
[ 18%] [32mBuilding C object CMakeFiles/underground_world__rosidl_generator_c.dir/rosidl_generator_c/underground_world/msg/detail/enemy_down__type_support.c.o[0m
[ 19%] [32mBuilding C object CMakeFiles/underground_world__rosidl_generator_c.dir/rosidl_generator_c/underground_world/msg/detail/robot_metrics__description.c.o[0m
[ 20%] [32mBuilding C object CMakeFiles/underground_world__rosidl_generator_c.dir/rosidl_generator_c/underground_world/msg/detail/robot_metrics__functions.c.o[0m
[ 21%] [32mBuilding C object CMakeFiles/underground_world__rosidl_generator_c.dir/rosidl_generator_c/underground_world/msg/detail/robot_metrics__type_support.c.o[0m
[ 21%] [32mBuilding C object CMakeFiles/underground_world__rosidl_generator_c.dir/rosidl_generator_c/underground_world/msg/detail/robot_result__description.c.o[0m
[ 22%] [32mBuilding C object CMakeFiles/underground_world__rosidl_generator_c.dir/rosidl_generator_c/underground_world/msg/detail/robot_result__functions.c.o[0m
[ 23%] [32mBuilding C object CMakeFiles/underground_world__rosidl_generator_c.dir/rosidl_generator_c/underground_world/msg/detail/student_status__description.c.o[0m
[ 24%] [32mBuilding C object CMakeFiles/underground_world__rosidl_generator_c.dir/rosidl_generator_c/underground_world/msg/detail/student_status__functions.c.o[0m
[ 25%] [32mBuilding C object CMakeFiles/underground_world__rosidl_generator_c.dir/rosidl_generator_c/underground_world/msg/detail/robot_result__type_support.c.o[0m
[ 26%] [32mBuilding C object CMakeFiles/underground_world__rosidl_generator_c.dir/rosidl_generator_c/underground_world/msg/detail/student_status__type_support.c.o[0m
[ 26%] [32mBuilding C object CMakeFiles/underground_world__rosidl_generator_c.dir/rosidl_generator_c/underground_world/srv/detail/payload_trigger__description.c.o[0m
[ 28%] [32mBuilding C object CMakeFiles/underground_world__rosidl_generator_c.dir/rosidl_generator_c/underground_world/srv/detail/payload_trigger__functions.c.o[0m
[ 28%] [32mBuilding C object CMakeFiles/underground_world__rosidl_generator_c.dir/rosidl_generator_c/underground_world/srv/detail/payload_trigger__type_support.c.o[0m
[ 29%] [32m[1mLinking CXX static library libgtest_main.a[0m
[ 30%] [32m[1mLinking C shared library libunderground_world__rosidl_generator_c.so[0m
[ 30%] Built target underground_world_core
[ 30%] Built target gtest_main
[ 30%] Built target underground_world__rosidl_generator_c
[ 32%] [34m[1mGenerating C++ introspection for ROS interfaces[0m
[ 32%] [34m[1mGenerating C introspection for ROS interfaces[0m
[ 33%] [34m[1mGenerating C++ type support for eProsima Fast-RTPS[0m
[ 34%] [34m[1mGenerating C type support for eProsima Fast-RTPS[0m
[ 35%] [34m[1mGenerating C++ type support dispatch for ROS interfaces[0m
[ 36%] [34m[1mGenerating C type support dispatch for ROS interfaces[0m
[ 37%] [32mBuilding CXX object CMakeFiles/underground_world__rosidl_typesupport_cpp.dir/rosidl_typesupport_cpp/underground_world/msg/enemy_down__type_support.cpp.o[0m
[ 40%] [32mBuilding CXX object CMakeFiles/underground_world__rosidl_typesupport_cpp.dir/rosidl_typesupport_cpp/underground_world/msg/local_scan__type_support.cpp.o[0m
[ 40%] [32mBuilding CXX object CMakeFiles/underground_world__rosidl_typesupport_cpp.dir/rosidl_typesupport_cpp/underground_world/msg/cell_observation__type_support.cpp.o[0m
[ 40%] [32mBuilding CXX object CMakeFiles/underground_world__rosidl_typesupport_cpp.dir/rosidl_typesupport_cpp/underground_world/msg/move_command__type_support.cpp.o[0m
[ 40%] [32mBuilding CXX object CMakeFiles/underground_world__rosidl_typesupport_cpp.dir/rosidl_typesupport_cpp/underground_world/msg/robot_metrics__type_support.cpp.o[0m
[ 41%] [32mBuilding CXX object CMakeFiles/underground_world__rosidl_typesupport_cpp.dir/rosidl_typesupport_cpp/underground_world/srv/payload_trigger__type_support.cpp.o[0m
[ 42%] [32mBuilding CXX object CMakeFiles/underground_world__rosidl_typesupport_cpp.dir/rosidl_typesupport_cpp/underground_world/msg/student_status__type_support.cpp.o[0m
[ 43%] [32mBuilding CXX object CMakeFiles/underground_world__rosidl_typesupport_cpp.dir/rosidl_typesupport_cpp/underground_world/msg/robot_result__type_support.cpp.o[0m
[ 43%] [32mBuilding CXX object CMakeFiles/underground_world__rosidl_typesupport_c.dir/rosidl_typesupport_c/underground_world/msg/move_command__type_support.cpp.o[0m
[ 45%] [32mBuilding CXX object CMakeFiles/underground_world__rosidl_typesupport_c.dir/rosidl_typesupport_c/underground_world/msg/local_scan__type_support.cpp.o[0m
[ 45%] [32mBuilding CXX object CMakeFiles/underground_world__rosidl_typesupport_c.dir/rosidl_typesupport_c/underground_world/msg/cell_observation__type_support.cpp.o[0m
[ 46%] [32mBuilding CXX object CMakeFiles/underground_world__rosidl_typesupport_c.dir/rosidl_typesupport_c/underground_world/msg/enemy_down__type_support.cpp.o[0m
[ 47%] [32mBuilding CXX object CMakeFiles/underground_world__rosidl_typesupport_c.dir/rosidl_typesupport_c/underground_world/msg/robot_metrics__type_support.cpp.o[0m
[ 48%] [32mBuilding CXX object CMakeFiles/underground_world__rosidl_typesupport_c.dir/rosidl_typesupport_c/underground_world/msg/robot_result__type_support.cpp.o[0m
[ 49%] [32mBuilding CXX object CMakeFiles/underground_world__rosidl_typesupport_c.dir/rosidl_typesupport_c/underground_world/msg/student_status__type_support.cpp.o[0m
[ 50%] [32mBuilding CXX object CMakeFiles/underground_world__rosidl_typesupport_c.dir/rosidl_typesupport_c/underground_world/srv/payload_trigger__type_support.cpp.o[0m
[ 51%] [32mBuilding C object CMakeFiles/underground_world__rosidl_typesupport_introspection_c.dir/rosidl_typesupport_introspection_c/underground_world/msg/detail/cell_observation__type_support.c.o[0m
[ 51%] [32m[1mLinking CXX shared library libunderground_world__rosidl_typesupport_c.so[0m
[ 52%] [32mBuilding C object CMakeFiles/underground_world__rosidl_typesupport_introspection_c.dir/rosidl_typesupport_introspection_c/underground_world/msg/detail/local_scan__type_support.c.o[0m
[ 53%] [32mBuilding C object CMakeFiles/underground_world__rosidl_typesupport_introspection_c.dir/rosidl_typesupport_introspection_c/underground_world/msg/detail/move_command__type_support.c.o[0m
[ 53%] [32mBuilding C object CMakeFiles/underground_world__rosidl_typesupport_introspection_c.dir/rosidl_typesupport_introspection_c/underground_world/msg/detail/enemy_down__type_support.c.o[0m
[ 54%] [32mBuilding CXX object CMakeFiles/underground_world__rosidl_typesupport_introspection_cpp.dir/rosidl_typesupport_introspection_cpp/underground_world/msg/detail/cell_observation__type_support.cpp.o[0m
[ 55%] [32mBuilding C object CMakeFiles/underground_world__rosidl_typesupport_introspection_c.dir/rosidl_typesupport_introspection_c/underground_world/msg/detail/robot_metrics__type_support.c.o[0m
[ 55%] Built target underground_world__rosidl_typesupport_c
[ 56%] [32mBuilding CXX object CMakeFiles/underground_world__rosidl_typesupport_introspection_cpp.dir/rosidl_typesupport_introspection_cpp/underground_world/msg/detail/local_scan__type_support.cpp.o[0m
[ 57%] [32mBuilding CXX object CMakeFiles/underground_world__rosidl_typesupport_introspection_cpp.dir/rosidl_typesupport_introspection_cpp/underground_world/msg/detail/move_command__type_support.cpp.o[0m
[ 58%] [32mBuilding C object CMakeFiles/underground_world__rosidl_typesupport_introspection_c.dir/rosidl_typesupport_introspection_c/underground_world/msg/detail/robot_result__type_support.c.o[0m
[ 59%] [32mBuilding C object CMakeFiles/underground_world__rosidl_typesupport_introspection_c.dir/rosidl_typesupport_introspection_c/underground_world/msg/detail/student_status__type_support.c.o[0m
[ 60%] [32mBuilding C object CMakeFiles/underground_world__rosidl_typesupport_introspection_c.dir/rosidl_typesupport_introspection_c/underground_world/srv/detail/payload_trigger__type_support.c.o[0m
[ 61%] [32mBuilding CXX object CMakeFiles/underground_world__rosidl_typesupport_introspection_cpp.dir/rosidl_typesupport_introspection_cpp/underground_world/msg/detail/enemy_down__type_support.cpp.o[0m
[ 61%] [32mBuilding CXX object CMakeFiles/underground_world__rosidl_typesupport_introspection_cpp.dir/rosidl_typesupport_introspection_cpp/underground_world/msg/detail/robot_metrics__type_support.cpp.o[0m
[ 62%] [32mBuilding CXX object CMakeFiles/underground_world__rosidl_typesupport_introspection_cpp.dir/rosidl_typesupport_introspection_cpp/underground_world/msg/detail/robot_result__type_support.cpp.o[0m
[ 63%] [32mBuilding CXX object CMakeFiles/underground_world__rosidl_typesupport_introspection_cpp.dir/rosidl_typesupport_introspection_cpp/underground_world/msg/detail/student_status__type_support.cpp.o[0m
[ 64%] [32mBuilding CXX object CMakeFiles/underground_world__rosidl_typesupport_introspection_cpp.dir/rosidl_typesupport_introspection_cpp/underground_world/srv/detail/payload_trigger__type_support.cpp.o[0m
[ 64%] [32mBuilding CXX object CMakeFiles/underground_world__rosidl_typesupport_fastrtps_cpp.dir/rosidl_typesupport_fastrtps_cpp/underground_world/msg/detail/dds_fastrtps/local_scan__type_support.cpp.o[0m
[ 66%] [32mBuilding CXX object CMakeFiles/underground_world__rosidl_typesupport_fastrtps_cpp.dir/rosidl_typesupport_fastrtps_cpp/underground_world/msg/detail/dds_fastrtps/cell_observation__type_support.cpp.o[0m
[ 66%] [32mBuilding CXX object CMakeFiles/underground_world__rosidl_typesupport_fastrtps_cpp.dir/rosidl_typesupport_fastrtps_cpp/underground_world/msg/detail/dds_fastrtps/enemy_down__type_support.cpp.o[0m
[ 67%] [32mBuilding CXX object CMakeFiles/underground_world__rosidl_typesupport_fastrtps_cpp.dir/rosidl_typesupport_fastrtps_cpp/underground_world/msg/detail/dds_fastrtps/move_command__type_support.cpp.o[0m
[ 67%] [32mBuilding CXX object CMakeFiles/underground_world__rosidl_typesupport_fastrtps_c.dir/rosidl_typesupport_fastrtps_c/underground_world/msg/detail/cell_observation__type_support_c.cpp.o[0m
[ 67%] [32m[1mLinking C shared library libunderground_world__rosidl_typesupport_introspection_c.so[0m
[ 67%] Built target underground_world__rosidl_typesupport_introspection_c
[ 68%] [32mBuilding CXX object CMakeFiles/underground_world__rosidl_typesupport_fastrtps_cpp.dir/rosidl_typesupport_fastrtps_cpp/underground_world/msg/detail/dds_fastrtps/robot_metrics__type_support.cpp.o[0m
[ 69%] [32m[1mLinking CXX shared library libunderground_world__rosidl_typesupport_cpp.so[0m
[ 69%] Built target underground_world__rosidl_typesupport_cpp
[ 70%] [32mBuilding CXX object CMakeFiles/underground_world__rosidl_typesupport_fastrtps_c.dir/rosidl_typesupport_fastrtps_c/underground_world/msg/detail/local_scan__type_support_c.cpp.o[0m
[ 71%] [32mBuilding CXX object CMakeFiles/underground_world_node.dir/src/underground_world_node.cpp.o[0m
[ 72%] [32mBuilding CXX object CMakeFiles/underground_world__rosidl_typesupport_fastrtps_c.dir/rosidl_typesupport_fastrtps_c/underground_world/msg/detail/move_command__type_support_c.cpp.o[0m
[ 73%] [32mBuilding CXX object CMakeFiles/underground_world__rosidl_typesupport_fastrtps_c.dir/rosidl_typesupport_fastrtps_c/underground_world/msg/detail/enemy_down__type_support_c.cpp.o[0m
[ 74%] [32mBuilding CXX object CMakeFiles/underground_world__rosidl_typesupport_fastrtps_c.dir/rosidl_typesupport_fastrtps_c/underground_world/msg/detail/robot_metrics__type_support_c.cpp.o[0m
[ 74%] [32mBuilding CXX object CMakeFiles/underground_world__rosidl_typesupport_fastrtps_c.dir/rosidl_typesupport_fastrtps_c/underground_world/msg/detail/robot_result__type_support_c.cpp.o[0m
[ 75%] [32mBuilding CXX object CMakeFiles/underground_world__rosidl_typesupport_fastrtps_c.dir/rosidl_typesupport_fastrtps_c/underground_world/msg/detail/student_status__type_support_c.cpp.o[0m
[ 76%] [32mBuilding CXX object CMakeFiles/pathfinder_move_node.dir/src/pathfinder_move_node.cpp.o[0m
[ 77%] [32m[1mLinking CXX shared library libunderground_world__rosidl_typesupport_introspection_cpp.so[0m
[ 78%] [32mBuilding CXX object CMakeFiles/underground_world__rosidl_typesupport_fastrtps_cpp.dir/rosidl_typesupport_fastrtps_cpp/underground_world/msg/detail/dds_fastrtps/robot_result__type_support.cpp.o[0m
[ 79%] [32mBuilding CXX object CMakeFiles/underground_world__rosidl_typesupport_fastrtps_c.dir/rosidl_typesupport_fastrtps_c/underground_world/srv/detail/payload_trigger__type_support_c.cpp.o[0m
[ 80%] [32mBuilding CXX object CMakeFiles/underground_world__rosidl_typesupport_fastrtps_cpp.dir/rosidl_typesupport_fastrtps_cpp/underground_world/msg/detail/dds_fastrtps/student_status__type_support.cpp.o[0m
[ 80%] [32mBuilding CXX object CMakeFiles/underground_world__rosidl_typesupport_fastrtps_cpp.dir/rosidl_typesupport_fastrtps_cpp/underground_world/srv/detail/dds_fastrtps/payload_trigger__type_support.cpp.o[0m
[ 80%] Built target underground_world__rosidl_typesupport_introspection_cpp
[ 81%] [32mBuilding CXX object CMakeFiles/payload_trigger_node.dir/src/payload_trigger_node.cpp.o[0m
[ 82%] [32m[1mLinking CXX shared library libunderground_world__rosidl_typesupport_fastrtps_c.so[0m
[ 82%] Built target underground_world__rosidl_typesupport_fastrtps_c
[ 83%] [32m[1mLinking CXX shared library libunderground_world__rosidl_typesupport_fastrtps_cpp.so[0m
[ 83%] Built target underground_world__rosidl_typesupport_fastrtps_cpp
[ 83%] Built target underground_world
[ 83%] [34m[1mGenerating Python code for ROS interfaces[0m
[ 83%] Built target underground_world__py
[ 84%] [32mBuilding C object CMakeFiles/underground_world__rosidl_generator_py.dir/rosidl_generator_py/underground_world/msg/_local_scan_s.c.o[0m
[ 84%] [32mBuilding C object CMakeFiles/underground_world__rosidl_generator_py.dir/rosidl_generator_py/underground_world/msg/_move_command_s.c.o[0m
[ 85%] [32mBuilding C object CMakeFiles/underground_world__rosidl_generator_py.dir/rosidl_generator_py/underground_world/msg/_robot_metrics_s.c.o[0m
[ 87%] [32mBuilding C object CMakeFiles/underground_world__rosidl_generator_py.dir/rosidl_generator_py/underground_world/msg/_enemy_down_s.c.o[0m
[ 87%] [32mBuilding C object CMakeFiles/underground_world__rosidl_generator_py.dir/rosidl_generator_py/underground_world/msg/_cell_observation_s.c.o[0m
[ 88%] [32mBuilding C object CMakeFiles/underground_world__rosidl_generator_py.dir/rosidl_generator_py/underground_world/msg/_student_status_s.c.o[0m
[ 89%] [32mBuilding C object CMakeFiles/underground_world__rosidl_generator_py.dir/rosidl_generator_py/underground_world/srv/_payload_trigger_s.c.o[0m
[ 90%] [32mBuilding C object CMakeFiles/underground_world__rosidl_generator_py.dir/rosidl_generator_py/underground_world/msg/_robot_result_s.c.o[0m
[ 90%] [32m[1mLinking C shared library libunderground_world__rosidl_generator_py.so[0m
[ 90%] Built target underground_world__rosidl_generator_py
[ 91%] [32mBuilding C object CMakeFiles/underground_world_s__rosidl_typesupport_introspection_c.dir/rosidl_generator_py/underground_world/_underground_world_s.ep.rosidl_typesupport_introspection_c.c.o[0m
[ 91%] [32mBuilding C object CMakeFiles/underground_world_s__rosidl_typesupport_c.dir/rosidl_generator_py/underground_world/_underground_world_s.ep.rosidl_typesupport_c.c.o[0m
[ 92%] [32mBuilding C object CMakeFiles/underground_world_s__rosidl_typesupport_fastrtps_c.dir/rosidl_generator_py/underground_world/_underground_world_s.ep.rosidl_typesupport_fastrtps_c.c.o[0m
[ 93%] [32m[1mLinking C shared module rosidl_generator_py/underground_world/underground_world_s__rosidl_typesupport_introspection_c.so[0m
[ 94%] [32m[1mLinking C shared module rosidl_generator_py/underground_world/underground_world_s__rosidl_typesupport_c.so[0m
[ 95%] [32m[1mLinking C shared module rosidl_generator_py/underground_world/underground_world_s__rosidl_typesupport_fastrtps_c.so[0m
[ 95%] Built target underground_world_s__rosidl_typesupport_introspection_c
[ 95%] Built target underground_world_s__rosidl_typesupport_c
[ 95%] Built target underground_world_s__rosidl_typesupport_fastrtps_c
[ 96%] [32m[1mLinking CXX static library libgtest.a[0m
[ 96%] Built target gtest
[ 97%] [32mBuilding CXX object CMakeFiles/provided_world_contract_test.dir/test/provided_world_contract_test.cpp.o[0m
[ 98%] [32m[1mLinking CXX executable provided_world_contract_test[0m
[ 98%] Built target provided_world_contract_test
[ 99%] [32m[1mLinking CXX executable payload_trigger_node[0m
[ 99%] Built target payload_trigger_node
[ 99%] [32m[1mLinking CXX executable pathfinder_move_node[0m
[ 99%] Built target pathfinder_move_node
[100%] [32m[1mLinking CXX executable underground_world_node[0m
[100%] Built target underground_world_node
-- Install configuration: "Debug"
-- Installing: /home/mickaborscha/ros_hallway_pathfinder/robot_ws/install/underground_world/share/ament_index/resource_index/rosidl_interfaces/underground_world
-- Installing: /home/mickaborscha/ros_hallway_pathfinder/robot_ws/install/underground_world/share/underground_world/msg/CellObservation.json
-- Installing: /home/mickaborscha/ros_hallway_pathfinder/robot_ws/install/underground_world/share/underground_world/msg/LocalScan.json
-- Installing: /home/mickaborscha/ros_hallway_pathfinder/robot_ws/install/underground_world/share/underground_world/msg/MoveCommand.json
-- Installing: /home/mickaborscha/ros_hallway_pathfinder/robot_ws/install/underground_world/share/underground_world/msg/EnemyDown.json
-- Installing: /home/mickaborscha/ros_hallway_pathfinder/robot_ws/install/underground_world/share/underground_world/msg/RobotMetrics.json
-- Installing: /home/mickaborscha/ros_hallway_pathfinder/robot_ws/install/underground_world/share/underground_world/msg/RobotResult.json
-- Installing: /home/mickaborscha/ros_hallway_pathfinder/robot_ws/install/underground_world/share/underground_world/msg/StudentStatus.json
-- Installing: /home/mickaborscha/ros_hallway_pathfinder/robot_ws/install/underground_world/share/underground_world/srv/PayloadTrigger.json
-- Installing: /home/mickaborscha/ros_hallway_pathfinder/robot_ws/install/underground_world/include/underground_world/underground_world
-- Installing: /home/mickaborscha/ros_hallway_pathfinder/robot_ws/install/underground_world/include/underground_world/underground_world/srv
-- Installing: /home/mickaborscha/ros_hallway_pathfinder/robot_ws/install/underground_world/include/underground_world/underground_world/srv/detail
-- Installing: /home/mickaborscha/ros_hallway_pathfinder/robot_ws/install/underground_world/include/underground_world/underground_world/srv/detail/payload_trigger__struct.h
-- Installing: /home/mickaborscha/ros_hallway_pathfinder/robot_ws/install/underground_world/include/underground_world/underground_world/srv/detail/payload_trigger__description.c
-- Installing: /home/mickaborscha/ros_hallway_pathfinder/robot_ws/install/underground_world/include/underground_world/underground_world/srv/detail/payload_trigger__type_support.h
-- Installing: /home/mickaborscha/ros_hallway_pathfinder/robot_ws/install/underground_world/include/underground_world/underground_world/srv/detail/payload_trigger__functions.h
-- Installing: /home/mickaborscha/ros_hallway_pathfinder/robot_ws/install/underground_world/include/underground_world/underground_world/srv/detail/payload_trigger__type_support.c
-- Installing: /home/mickaborscha/ros_hallway_pathfinder/robot_ws/install/underground_world/include/underground_world/underground_world/srv/detail/payload_trigger__functions.c
-- Installing: /home/mickaborscha/ros_hallway_pathfinder/robot_ws/install/underground_world/include/underground_world/underground_world/srv/payload_trigger.h
-- Installing: /home/mickaborscha/ros_hallway_pathfinder/robot_ws/install/underground_world/include/underground_world/underground_world/msg
-- Installing: /home/mickaborscha/ros_hallway_pathfinder/robot_ws/install/underground_world/include/underground_world/underground_world/msg/move_command.h
-- Installing: /home/mickaborscha/ros_hallway_pathfinder/robot_ws/install/underground_world/include/underground_world/underground_world/msg/student_status.h
-- Installing: /home/mickaborscha/ros_hallway_pathfinder/robot_ws/install/underground_world/include/underground_world/underground_world/msg/robot_result.h
-- Installing: /home/mickaborscha/ros_hallway_pathfinder/robot_ws/install/underground_world/include/underground_world/underground_world/msg/detail
-- Installing: /home/mickaborscha/ros_hallway_pathfinder/robot_ws/install/underground_world/include/underground_world/underground_world/msg/detail/move_command__functions.h
-- Installing: /home/mickaborscha/ros_hallway_pathfinder/robot_ws/install/underground_world/include/underground_world/underground_world/msg/detail/robot_metrics__description.c
-- Installing: /home/mickaborscha/ros_hallway_pathfinder/robot_ws/install/underground_world/include/underground_world/underground_world/msg/detail/student_status__functions.c
-- Installing: /home/mickaborscha/ros_hallway_pathfinder/robot_ws/install/underground_world/include/underground_world/underground_world/msg/detail/student_status__type_support.h
-- Installing: /home/mickaborscha/ros_hallway_pathfinder/robot_ws/install/underground_world/include/underground_world/underground_world/msg/detail/robot_metrics__type_support.c
-- Installing: /home/mickaborscha/ros_hallway_pathfinder/robot_ws/install/underground_world/include/underground_world/underground_world/msg/detail/cell_observation__description.c
-- Installing: /home/mickaborscha/ros_hallway_pathfinder/robot_ws/install/underground_world/include/underground_world/underground_world/msg/detail/robot_metrics__functions.c
-- Installing: /home/mickaborscha/ros_hallway_pathfinder/robot_ws/install/underground_world/include/underground_world/underground_world/msg/detail/cell_observation__type_support.c
-- Installing: /home/mickaborscha/ros_hallway_pathfinder/robot_ws/install/underground_world/include/underground_world/underground_world/msg/detail/student_status__description.c
-- Installing: /home/mickaborscha/ros_hallway_pathfinder/robot_ws/install/underground_world/include/underground_world/underground_world/msg/detail/local_scan__description.c
-- Installing: /home/mickaborscha/ros_hallway_pathfinder/robot_ws/install/underground_world/include/underground_world/underground_world/msg/detail/enemy_down__struct.h
-- Installing: /home/mickaborscha/ros_hallway_pathfinder/robot_ws/install/underground_world/include/underground_world/underground_world/msg/detail/robot_result__functions.h
-- Installing: /home/mickaborscha/ros_hallway_pathfinder/robot_ws/install/underground_world/include/underground_world/underground_world/msg/detail/cell_observation__struct.h
-- Installing: /home/mickaborscha/ros_hallway_pathfinder/robot_ws/install/underground_world/include/underground_world/underground_world/msg/detail/robot_result__type_support.c
-- Installing: /home/mickaborscha/ros_hallway_pathfinder/robot_ws/install/underground_world/include/underground_world/underground_world/msg/detail/enemy_down__type_support.h
-- Installing: /home/mickaborscha/ros_hallway_pathfinder/robot_ws/install/underground_world/include/underground_world/underground_world/msg/detail/enemy_down__description.c
-- Installing: /home/mickaborscha/ros_hallway_pathfinder/robot_ws/install/underground_world/include/underground_world/underground_world/msg/detail/enemy_down__functions.h
-- Installing: /home/mickaborscha/ros_hallway_pathfinder/robot_ws/install/underground_world/include/underground_world/underground_world/msg/detail/move_command__struct.h
-- Installing: /home/mickaborscha/ros_hallway_pathfinder/robot_ws/install/underground_world/include/underground_world/underground_world/msg/detail/robot_result__functions.c
-- Installing: /home/mickaborscha/ros_hallway_pathfinder/robot_ws/install/underground_world/include/underground_world/underground_world/msg/detail/move_command__functions.c
-- Installing: /home/mickaborscha/ros_hallway_pathfinder/robot_ws/install/underground_world/include/underground_world/underground_world/msg/detail/robot_metrics__struct.h
-- Installing: /home/mickaborscha/ros_hallway_pathfinder/robot_ws/install/underground_world/include/underground_world/underground_world/msg/detail/move_command__type_support.c
-- Installing: /home/mickaborscha/ros_hallway_pathfinder/robot_ws/install/underground_world/include/underground_world/underground_world/msg/detail/local_scan__struct.h
-- Installing: /home/mickaborscha/ros_hallway_pathfinder/robot_ws/install/underground_world/include/underground_world/underground_world/msg/detail/local_scan__functions.h
-- Installing: /home/mickaborscha/ros_hallway_pathfinder/robot_ws/install/underground_world/include/underground_world/underground_world/msg/detail/local_scan__type_support.h
-- Installing: /home/mickaborscha/ros_hallway_pathfinder/robot_ws/install/underground_world/include/underground_world/underground_world/msg/detail/local_scan__type_support.c
-- Installing: /home/mickaborscha/ros_hallway_pathfinder/robot_ws/install/underground_world/include/underground_world/underground_world/msg/detail/student_status__type_support.c
-- Installing: /home/mickaborscha/ros_hallway_pathfinder/robot_ws/install/underground_world/include/underground_world/underground_world/msg/detail/enemy_down__functions.c
-- Installing: /home/mickaborscha/ros_hallway_pathfinder/robot_ws/install/underground_world/include/underground_world/underground_world/msg/detail/student_status__struct.h
-- Installing: /home/mickaborscha/ros_hallway_pathfinder/robot_ws/install/underground_world/include/underground_world/underground_world/msg/detail/move_command__description.c
-- Installing: /home/mickaborscha/ros_hallway_pathfinder/robot_ws/install/underground_world/include/underground_world/underground_world/msg/detail/cell_observation__functions.c
-- Installing: /home/mickaborscha/ros_hallway_pathfinder/robot_ws/install/underground_world/include/underground_world/underground_world/msg/detail/robot_metrics__functions.h
-- Installing: /home/mickaborscha/ros_hallway_pathfinder/robot_ws/install/underground_world/include/underground_world/underground_world/msg/detail/robot_result__struct.h
-- Installing: /home/mickaborscha/ros_hallway_pathfinder/robot_ws/install/underground_world/include/underground_world/underground_world/msg/detail/student_status__functions.h
-- Installing: /home/mickaborscha/ros_hallway_pathfinder/robot_ws/install/underground_world/include/underground_world/underground_world/msg/detail/robot_result__description.c
-- Installing: /home/mickaborscha/ros_hallway_pathfinder/robot_ws/install/underground_world/include/underground_world/underground_world/msg/detail/enemy_down__type_support.c
-- Installing: /home/mickaborscha/ros_hallway_pathfinder/robot_ws/install/underground_world/include/underground_world/underground_world/msg/detail/cell_observation__functions.h
-- Installing: /home/mickaborscha/ros_hallway_pathfinder/robot_ws/install/underground_world/include/underground_world/underground_world/msg/detail/robot_metrics__type_support.h
-- Installing: /home/mickaborscha/ros_hallway_pathfinder/robot_ws/install/underground_world/include/underground_world/underground_world/msg/detail/local_scan__functions.c
-- Installing: /home/mickaborscha/ros_hallway_pathfinder/robot_ws/install/underground_world/include/underground_world/underground_world/msg/detail/move_command__type_support.h
-- Installing: /home/mickaborscha/ros_hallway_pathfinder/robot_ws/install/underground_world/include/underground_world/underground_world/msg/detail/cell_observation__type_support.h
-- Installing: /home/mickaborscha/ros_hallway_pathfinder/robot_ws/install/underground_world/include/underground_world/underground_world/msg/detail/robot_result__type_support.h
-- Installing: /home/mickaborscha/ros_hallway_pathfinder/robot_ws/install/underground_world/include/underground_world/underground_world/msg/rosidl_generator_c__visibility_control.h
-- Installing: /home/mickaborscha/ros_hallway_pathfinder/robot_ws/install/underground_world/include/underground_world/underground_world/msg/cell_observation.h
-- Installing: /home/mickaborscha/ros_hallway_pathfinder/robot_ws/install/underground_world/include/underground_world/underground_world/msg/enemy_down.h
-- Installing: /home/mickaborscha/ros_hallway_pathfinder/robot_ws/install/underground_world/include/underground_world/underground_world/msg/local_scan.h
-- Installing: /home/mickaborscha/ros_hallway_pathfinder/robot_ws/install/underground_world/include/underground_world/underground_world/msg/robot_metrics.h
-- Installing: /home/mickaborscha/ros_hallway_pathfinder/robot_ws/install/underground_world/share/underground_world/environment/library_path.sh
-- Installing: /home/mickaborscha/ros_hallway_pathfinder/robot_ws/install/underground_world/share/underground_world/environment/library_path.dsv
-- Installing: /home/mickaborscha/ros_hallway_pathfinder/robot_ws/install/underground_world/lib/libunderground_world__rosidl_generator_c.so
-- Set non-toolchain portion of runtime path of "/home/mickaborscha/ros_hallway_pathfinder/robot_ws/install/underground_world/lib/libunderground_world__rosidl_generator_c.so" to ""
-- Up-to-date: /home/mickaborscha/ros_hallway_pathfinder/robot_ws/install/underground_world/include/underground_world/underground_world
-- Up-to-date: /home/mickaborscha/ros_hallway_pathfinder/robot_ws/install/underground_world/include/underground_world/underground_world/srv
-- Up-to-date: /home/mickaborscha/ros_hallway_pathfinder/robot_ws/install/underground_world/include/underground_world/underground_world/srv/detail
-- Installing: /home/mickaborscha/ros_hallway_pathfinder/robot_ws/install/underground_world/include/underground_world/underground_world/srv/detail/payload_trigger__rosidl_typesupport_fastrtps_c.h
-- Up-to-date: /home/mickaborscha/ros_hallway_pathfinder/robot_ws/install/underground_world/include/underground_world/underground_world/msg
-- Installing: /home/mickaborscha/ros_hallway_pathfinder/robot_ws/install/underground_world/include/underground_world/underground_world/msg/rosidl_typesupport_fastrtps_c__visibility_control.h
-- Up-to-date: /home/mickaborscha/ros_hallway_pathfinder/robot_ws/install/underground_world/include/underground_world/underground_world/msg/detail
-- Installing: /home/mickaborscha/ros_hallway_pathfinder/robot_ws/install/underground_world/include/underground_world/underground_world/msg/detail/robot_result__rosidl_typesupport_fastrtps_c.h
-- Installing: /home/mickaborscha/ros_hallway_pathfinder/robot_ws/install/underground_world/include/underground_world/underground_world/msg/detail/student_status__rosidl_typesupport_fastrtps_c.h
-- Installing: /home/mickaborscha/ros_hallway_pathfinder/robot_ws/install/underground_world/include/underground_world/underground_world/msg/detail/cell_observation__rosidl_typesupport_fastrtps_c.h
-- Installing: /home/mickaborscha/ros_hallway_pathfinder/robot_ws/install/underground_world/include/underground_world/underground_world/msg/detail/move_command__rosidl_typesupport_fastrtps_c.h
-- Installing: /home/mickaborscha/ros_hallway_pathfinder/robot_ws/install/underground_world/include/underground_world/underground_world/msg/detail/robot_metrics__rosidl_typesupport_fastrtps_c.h
-- Installing: /home/mickaborscha/ros_hallway_pathfinder/robot_ws/install/underground_world/include/underground_world/underground_world/msg/detail/enemy_down__rosidl_typesupport_fastrtps_c.h
-- Installing: /home/mickaborscha/ros_hallway_pathfinder/robot_ws/install/underground_world/include/underground_world/underground_world/msg/detail/local_scan__rosidl_typesupport_fastrtps_c.h
-- Installing: /home/mickaborscha/ros_hallway_pathfinder/robot_ws/install/underground_world/lib/libunderground_world__rosidl_typesupport_fastrtps_c.so
-- Set non-toolchain portion of runtime path of "/home/mickaborscha/ros_hallway_pathfinder/robot_ws/install/underground_world/lib/libunderground_world__rosidl_typesupport_fastrtps_c.so" to ""
-- Up-to-date: /home/mickaborscha/ros_hallway_pathfinder/robot_ws/install/underground_world/include/underground_world/underground_world
-- Up-to-date: /home/mickaborscha/ros_hallway_pathfinder/robot_ws/install/underground_world/include/underground_world/underground_world/srv
-- Up-to-date: /home/mickaborscha/ros_hallway_pathfinder/robot_ws/install/underground_world/include/underground_world/underground_world/srv/detail
-- Installing: /home/mickaborscha/ros_hallway_pathfinder/robot_ws/install/underground_world/include/underground_world/underground_world/srv/detail/payload_trigger__rosidl_typesupport_introspection_c.h
-- Installing: /home/mickaborscha/ros_hallway_pathfinder/robot_ws/install/underground_world/include/underground_world/underground_world/srv/detail/payload_trigger__type_support.c
-- Up-to-date: /home/mickaborscha/ros_hallway_pathfinder/robot_ws/install/underground_world/include/underground_world/underground_world/msg
-- Up-to-date: /home/mickaborscha/ros_hallway_pathfinder/robot_ws/install/underground_world/include/underground_world/underground_world/msg/detail
-- Installing: /home/mickaborscha/ros_hallway_pathfinder/robot_ws/install/underground_world/include/underground_world/underground_world/msg/detail/robot_metrics__type_support.c
-- Installing: /home/mickaborscha/ros_hallway_pathfinder/robot_ws/install/underground_world/include/underground_world/underground_world/msg/detail/cell_observation__type_support.c
-- Installing: /home/mickaborscha/ros_hallway_pathfinder/robot_ws/install/underground_world/include/underground_world/underground_world/msg/detail/local_scan__rosidl_typesupport_introspection_c.h
-- Installing: /home/mickaborscha/ros_hallway_pathfinder/robot_ws/install/underground_world/include/underground_world/underground_world/msg/detail/robot_result__type_support.c
-- Installing: /home/mickaborscha/ros_hallway_pathfinder/robot_ws/install/underground_world/include/underground_world/underground_world/msg/detail/robot_metrics__rosidl_typesupport_introspection_c.h
-- Installing: /home/mickaborscha/ros_hallway_pathfinder/robot_ws/install/underground_world/include/underground_world/underground_world/msg/detail/move_command__type_support.c
-- Installing: /home/mickaborscha/ros_hallway_pathfinder/robot_ws/install/underground_world/include/underground_world/underground_world/msg/detail/local_scan__type_support.c
-- Installing: /home/mickaborscha/ros_hallway_pathfinder/robot_ws/install/underground_world/include/underground_world/underground_world/msg/detail/enemy_down__rosidl_typesupport_introspection_c.h
-- Installing: /home/mickaborscha/ros_hallway_pathfinder/robot_ws/install/underground_world/include/underground_world/underground_world/msg/detail/student_status__type_support.c
-- Installing: /home/mickaborscha/ros_hallway_pathfinder/robot_ws/install/underground_world/include/underground_world/underground_world/msg/detail/move_command__rosidl_typesupport_introspection_c.h
-- Installing: /home/mickaborscha/ros_hallway_pathfinder/robot_ws/install/underground_world/include/underground_world/underground_world/msg/detail/student_status__rosidl_typesupport_introspection_c.h
-- Installing: /home/mickaborscha/ros_hallway_pathfinder/robot_ws/install/underground_world/include/underground_world/underground_world/msg/detail/robot_result__rosidl_typesupport_introspection_c.h
-- Installing: /home/mickaborscha/ros_hallway_pathfinder/robot_ws/install/underground_world/include/underground_world/underground_world/msg/detail/enemy_down__type_support.c
-- Installing: /home/mickaborscha/ros_hallway_pathfinder/robot_ws/install/underground_world/include/underground_world/underground_world/msg/detail/cell_observation__rosidl_typesupport_introspection_c.h
-- Installing: /home/mickaborscha/ros_hallway_pathfinder/robot_ws/install/underground_world/include/underground_world/underground_world/msg/rosidl_typesupport_introspection_c__visibility_control.h
-- Installing: /home/mickaborscha/ros_hallway_pathfinder/robot_ws/install/underground_world/lib/libunderground_world__rosidl_typesupport_introspection_c.so
-- Set non-toolchain portion of runtime path of "/home/mickaborscha/ros_hallway_pathfinder/robot_ws/install/underground_world/lib/libunderground_world__rosidl_typesupport_introspection_c.so" to ""
-- Installing: /home/mickaborscha/ros_hallway_pathfinder/robot_ws/install/underground_world/lib/libunderground_world__rosidl_typesupport_c.so
-- Set non-toolchain portion of runtime path of "/home/mickaborscha/ros_hallway_pathfinder/robot_ws/install/underground_world/lib/libunderground_world__rosidl_typesupport_c.so" to ""
-- Up-to-date: /home/mickaborscha/ros_hallway_pathfinder/robot_ws/install/underground_world/include/underground_world/underground_world
-- Up-to-date: /home/mickaborscha/ros_hallway_pathfinder/robot_ws/install/underground_world/include/underground_world/underground_world/srv
-- Installing: /home/mickaborscha/ros_hallway_pathfinder/robot_ws/install/underground_world/include/underground_world/underground_world/srv/payload_trigger.hpp
-- Up-to-date: /home/mickaborscha/ros_hallway_pathfinder/robot_ws/install/underground_world/include/underground_world/underground_world/srv/detail
-- Installing: /home/mickaborscha/ros_hallway_pathfinder/robot_ws/install/underground_world/include/underground_world/underground_world/srv/detail/payload_trigger__type_support.hpp
-- Installing: /home/mickaborscha/ros_hallway_pathfinder/robot_ws/install/underground_world/include/underground_world/underground_world/srv/detail/payload_trigger__builder.hpp
-- Installing: /home/mickaborscha/ros_hallway_pathfinder/robot_ws/install/underground_world/include/underground_world/underground_world/srv/detail/payload_trigger__traits.hpp
-- Installing: /home/mickaborscha/ros_hallway_pathfinder/robot_ws/install/underground_world/include/underground_world/underground_world/srv/detail/payload_trigger__struct.hpp
-- Up-to-date: /home/mickaborscha/ros_hallway_pathfinder/robot_ws/install/underground_world/include/underground_world/underground_world/msg
-- Installing: /home/mickaborscha/ros_hallway_pathfinder/robot_ws/install/underground_world/include/underground_world/underground_world/msg/move_command.hpp
-- Installing: /home/mickaborscha/ros_hallway_pathfinder/robot_ws/install/underground_world/include/underground_world/underground_world/msg/enemy_down.hpp
-- Up-to-date: /home/mickaborscha/ros_hallway_pathfinder/robot_ws/install/underground_world/include/underground_world/underground_world/msg/detail
-- Installing: /home/mickaborscha/ros_hallway_pathfinder/robot_ws/install/underground_world/include/underground_world/underground_world/msg/detail/local_scan__builder.hpp
-- Installing: /home/mickaborscha/ros_hallway_pathfinder/robot_ws/install/underground_world/include/underground_world/underground_world/msg/detail/move_command__builder.hpp
-- Installing: /home/mickaborscha/ros_hallway_pathfinder/robot_ws/install/underground_world/include/underground_world/underground_world/msg/detail/enemy_down__struct.hpp
-- Installing: /home/mickaborscha/ros_hallway_pathfinder/robot_ws/install/underground_world/include/underground_world/underground_world/msg/detail/local_scan__type_support.hpp
-- Installing: /home/mickaborscha/ros_hallway_pathfinder/robot_ws/install/underground_world/include/underground_world/underground_world/msg/detail/robot_metrics__builder.hpp
-- Installing: /home/mickaborscha/ros_hallway_pathfinder/robot_ws/install/underground_world/include/underground_world/underground_world/msg/detail/enemy_down__traits.hpp
-- Installing: /home/mickaborscha/ros_hallway_pathfinder/robot_ws/install/underground_world/include/underground_world/underground_world/msg/detail/enemy_down__type_support.hpp
-- Installing: /home/mickaborscha/ros_hallway_pathfinder/robot_ws/install/underground_world/include/underground_world/underground_world/msg/detail/robot_result__struct.hpp
-- Installing: /home/mickaborscha/ros_hallway_pathfinder/robot_ws/install/underground_world/include/underground_world/underground_world/msg/detail/student_status__struct.hpp
-- Installing: /home/mickaborscha/ros_hallway_pathfinder/robot_ws/install/underground_world/include/underground_world/underground_world/msg/detail/local_scan__struct.hpp
-- Installing: /home/mickaborscha/ros_hallway_pathfinder/robot_ws/install/underground_world/include/underground_world/underground_world/msg/detail/cell_observation__struct.hpp
-- Installing: /home/mickaborscha/ros_hallway_pathfinder/robot_ws/install/underground_world/include/underground_world/underground_world/msg/detail/robot_result__builder.hpp
-- Installing: /home/mickaborscha/ros_hallway_pathfinder/robot_ws/install/underground_world/include/underground_world/underground_world/msg/detail/cell_observation__builder.hpp
-- Installing: /home/mickaborscha/ros_hallway_pathfinder/robot_ws/install/underground_world/include/underground_world/underground_world/msg/detail/student_status__builder.hpp
-- Installing: /home/mickaborscha/ros_hallway_pathfinder/robot_ws/install/underground_world/include/underground_world/underground_world/msg/detail/move_command__struct.hpp
-- Installing: /home/mickaborscha/ros_hallway_pathfinder/robot_ws/install/underground_world/include/underground_world/underground_world/msg/detail/cell_observation__type_support.hpp
-- Installing: /home/mickaborscha/ros_hallway_pathfinder/robot_ws/install/underground_world/include/underground_world/underground_world/msg/detail/move_command__type_support.hpp
-- Installing: /home/mickaborscha/ros_hallway_pathfinder/robot_ws/install/underground_world/include/underground_world/underground_world/msg/detail/student_status__type_support.hpp
-- Installing: /home/mickaborscha/ros_hallway_pathfinder/robot_ws/install/underground_world/include/underground_world/underground_world/msg/detail/move_command__traits.hpp
-- Installing: /home/mickaborscha/ros_hallway_pathfinder/robot_ws/install/underground_world/include/underground_world/underground_world/msg/detail/robot_metrics__struct.hpp
-- Installing: /home/mickaborscha/ros_hallway_pathfinder/robot_ws/install/underground_world/include/underground_world/underground_world/msg/detail/robot_metrics__type_support.hpp
-- Installing: /home/mickaborscha/ros_hallway_pathfinder/robot_ws/install/underground_world/include/underground_world/underground_world/msg/detail/robot_result__traits.hpp
-- Installing: /home/mickaborscha/ros_hallway_pathfinder/robot_ws/install/underground_world/include/underground_world/underground_world/msg/detail/student_status__traits.hpp
-- Installing: /home/mickaborscha/ros_hallway_pathfinder/robot_ws/install/underground_world/include/underground_world/underground_world/msg/detail/robot_result__type_support.hpp
-- Installing: /home/mickaborscha/ros_hallway_pathfinder/robot_ws/install/underground_world/include/underground_world/underground_world/msg/detail/enemy_down__builder.hpp
-- Installing: /home/mickaborscha/ros_hallway_pathfinder/robot_ws/install/underground_world/include/underground_world/underground_world/msg/detail/robot_metrics__traits.hpp
-- Installing: /home/mickaborscha/ros_hallway_pathfinder/robot_ws/install/underground_world/include/underground_world/underground_world/msg/detail/cell_observation__traits.hpp
-- Installing: /home/mickaborscha/ros_hallway_pathfinder/robot_ws/install/underground_world/include/underground_world/underground_world/msg/detail/local_scan__traits.hpp
-- Installing: /home/mickaborscha/ros_hallway_pathfinder/robot_ws/install/underground_world/include/underground_world/underground_world/msg/local_scan.hpp
-- Installing: /home/mickaborscha/ros_hallway_pathfinder/robot_ws/install/underground_world/include/underground_world/underground_world/msg/student_status.hpp
-- Installing: /home/mickaborscha/ros_hallway_pathfinder/robot_ws/install/underground_world/include/underground_world/underground_world/msg/cell_observation.hpp
-- Installing: /home/mickaborscha/ros_hallway_pathfinder/robot_ws/install/underground_world/include/underground_world/underground_world/msg/robot_metrics.hpp
-- Installing: /home/mickaborscha/ros_hallway_pathfinder/robot_ws/install/underground_world/include/underground_world/underground_world/msg/robot_result.hpp
-- Installing: /home/mickaborscha/ros_hallway_pathfinder/robot_ws/install/underground_world/include/underground_world/underground_world/msg/rosidl_generator_cpp__visibility_control.hpp
-- Up-to-date: /home/mickaborscha/ros_hallway_pathfinder/robot_ws/install/underground_world/include/underground_world/underground_world
-- Up-to-date: /home/mickaborscha/ros_hallway_pathfinder/robot_ws/install/underground_world/include/underground_world/underground_world/srv
-- Up-to-date: /home/mickaborscha/ros_hallway_pathfinder/robot_ws/install/underground_world/include/underground_world/underground_world/srv/detail
-- Installing: /home/mickaborscha/ros_hallway_pathfinder/robot_ws/install/underground_world/include/underground_world/underground_world/srv/detail/payload_trigger__rosidl_typesupport_fastrtps_cpp.hpp
-- Installing: /home/mickaborscha/ros_hallway_pathfinder/robot_ws/install/underground_world/include/underground_world/underground_world/srv/detail/dds_fastrtps
-- Up-to-date: /home/mickaborscha/ros_hallway_pathfinder/robot_ws/install/underground_world/include/underground_world/underground_world/msg
-- Up-to-date: /home/mickaborscha/ros_hallway_pathfinder/robot_ws/install/underground_world/include/underground_world/underground_world/msg/detail
-- Installing: /home/mickaborscha/ros_hallway_pathfinder/robot_ws/install/underground_world/include/underground_world/underground_world/msg/detail/student_status__rosidl_typesupport_fastrtps_cpp.hpp
-- Installing: /home/mickaborscha/ros_hallway_pathfinder/robot_ws/install/underground_world/include/underground_world/underground_world/msg/detail/cell_observation__rosidl_typesupport_fastrtps_cpp.hpp
-- Installing: /home/mickaborscha/ros_hallway_pathfinder/robot_ws/install/underground_world/include/underground_world/underground_world/msg/detail/robot_result__rosidl_typesupport_fastrtps_cpp.hpp
-- Installing: /home/mickaborscha/ros_hallway_pathfinder/robot_ws/install/underground_world/include/underground_world/underground_world/msg/detail/robot_metrics__rosidl_typesupport_fastrtps_cpp.hpp
-- Installing: /home/mickaborscha/ros_hallway_pathfinder/robot_ws/install/underground_world/include/underground_world/underground_world/msg/detail/move_command__rosidl_typesupport_fastrtps_cpp.hpp
-- Installing: /home/mickaborscha/ros_hallway_pathfinder/robot_ws/install/underground_world/include/underground_world/underground_world/msg/detail/enemy_down__rosidl_typesupport_fastrtps_cpp.hpp
-- Installing: /home/mickaborscha/ros_hallway_pathfinder/robot_ws/install/underground_world/include/underground_world/underground_world/msg/detail/dds_fastrtps
-- Installing: /home/mickaborscha/ros_hallway_pathfinder/robot_ws/install/underground_world/include/underground_world/underground_world/msg/detail/local_scan__rosidl_typesupport_fastrtps_cpp.hpp
-- Installing: /home/mickaborscha/ros_hallway_pathfinder/robot_ws/install/underground_world/include/underground_world/underground_world/msg/rosidl_typesupport_fastrtps_cpp__visibility_control.h
-- Installing: /home/mickaborscha/ros_hallway_pathfinder/robot_ws/install/underground_world/lib/libunderground_world__rosidl_typesupport_fastrtps_cpp.so
-- Set non-toolchain portion of runtime path of "/home/mickaborscha/ros_hallway_pathfinder/robot_ws/install/underground_world/lib/libunderground_world__rosidl_typesupport_fastrtps_cpp.so" to ""
-- Up-to-date: /home/mickaborscha/ros_hallway_pathfinder/robot_ws/install/underground_world/include/underground_world/underground_world
-- Up-to-date: /home/mickaborscha/ros_hallway_pathfinder/robot_ws/install/underground_world/include/underground_world/underground_world/srv
-- Up-to-date: /home/mickaborscha/ros_hallway_pathfinder/robot_ws/install/underground_world/include/underground_world/underground_world/srv/detail
-- Installing: /home/mickaborscha/ros_hallway_pathfinder/robot_ws/install/underground_world/include/underground_world/underground_world/srv/detail/payload_trigger__rosidl_typesupport_introspection_cpp.hpp
-- Installing: /home/mickaborscha/ros_hallway_pathfinder/robot_ws/install/underground_world/include/underground_world/underground_world/srv/detail/payload_trigger__type_support.cpp
-- Up-to-date: /home/mickaborscha/ros_hallway_pathfinder/robot_ws/install/underground_world/include/underground_world/underground_world/msg
-- Up-to-date: /home/mickaborscha/ros_hallway_pathfinder/robot_ws/install/underground_world/include/underground_world/underground_world/msg/detail
-- Installing: /home/mickaborscha/ros_hallway_pathfinder/robot_ws/install/underground_world/include/underground_world/underground_world/msg/detail/local_scan__rosidl_typesupport_introspection_cpp.hpp
-- Installing: /home/mickaborscha/ros_hallway_pathfinder/robot_ws/install/underground_world/include/underground_world/underground_world/msg/detail/enemy_down__type_support.cpp
-- Installing: /home/mickaborscha/ros_hallway_pathfinder/robot_ws/install/underground_world/include/underground_world/underground_world/msg/detail/cell_observation__rosidl_typesupport_introspection_cpp.hpp
-- Installing: /home/mickaborscha/ros_hallway_pathfinder/robot_ws/install/underground_world/include/underground_world/underground_world/msg/detail/robot_result__rosidl_typesupport_introspection_cpp.hpp
-- Installing: /home/mickaborscha/ros_hallway_pathfinder/robot_ws/install/underground_world/include/underground_world/underground_world/msg/detail/robot_metrics__type_support.cpp
-- Installing: /home/mickaborscha/ros_hallway_pathfinder/robot_ws/install/underground_world/include/underground_world/underground_world/msg/detail/student_status__rosidl_typesupport_introspection_cpp.hpp
-- Installing: /home/mickaborscha/ros_hallway_pathfinder/robot_ws/install/underground_world/include/underground_world/underground_world/msg/detail/move_command__type_support.cpp
-- Installing: /home/mickaborscha/ros_hallway_pathfinder/robot_ws/install/underground_world/include/underground_world/underground_world/msg/detail/enemy_down__rosidl_typesupport_introspection_cpp.hpp
-- Installing: /home/mickaborscha/ros_hallway_pathfinder/robot_ws/install/underground_world/include/underground_world/underground_world/msg/detail/move_command__rosidl_typesupport_introspection_cpp.hpp
-- Installing: /home/mickaborscha/ros_hallway_pathfinder/robot_ws/install/underground_world/include/underground_world/underground_world/msg/detail/robot_result__type_support.cpp
-- Installing: /home/mickaborscha/ros_hallway_pathfinder/robot_ws/install/underground_world/include/underground_world/underground_world/msg/detail/student_status__type_support.cpp
-- Installing: /home/mickaborscha/ros_hallway_pathfinder/robot_ws/install/underground_world/include/underground_world/underground_world/msg/detail/cell_observation__type_support.cpp
-- Installing: /home/mickaborscha/ros_hallway_pathfinder/robot_ws/install/underground_world/include/underground_world/underground_world/msg/detail/robot_metrics__rosidl_typesupport_introspection_cpp.hpp
-- Installing: /home/mickaborscha/ros_hallway_pathfinder/robot_ws/install/underground_world/include/underground_world/underground_world/msg/detail/local_scan__type_support.cpp
-- Installing: /home/mickaborscha/ros_hallway_pathfinder/robot_ws/install/underground_world/lib/libunderground_world__rosidl_typesupport_introspection_cpp.so
-- Set non-toolchain portion of runtime path of "/home/mickaborscha/ros_hallway_pathfinder/robot_ws/install/underground_world/lib/libunderground_world__rosidl_typesupport_introspection_cpp.so" to ""
-- Installing: /home/mickaborscha/ros_hallway_pathfinder/robot_ws/install/underground_world/lib/libunderground_world__rosidl_typesupport_cpp.so
-- Set non-toolchain portion of runtime path of "/home/mickaborscha/ros_hallway_pathfinder/robot_ws/install/underground_world/lib/libunderground_world__rosidl_typesupport_cpp.so" to ""
-- Installing: /home/mickaborscha/ros_hallway_pathfinder/robot_ws/install/underground_world/share/underground_world/environment/pythonpath.sh
-- Installing: /home/mickaborscha/ros_hallway_pathfinder/robot_ws/install/underground_world/share/underground_world/environment/pythonpath.dsv
-- Installing: /home/mickaborscha/ros_hallway_pathfinder/robot_ws/install/underground_world/lib/python3.12/site-packages/underground_world-0.1.0-py3.12.egg-info
-- Installing: /home/mickaborscha/ros_hallway_pathfinder/robot_ws/install/underground_world/lib/python3.12/site-packages/underground_world-0.1.0-py3.12.egg-info/PKG-INFO
-- Installing: /home/mickaborscha/ros_hallway_pathfinder/robot_ws/install/underground_world/lib/python3.12/site-packages/underground_world-0.1.0-py3.12.egg-info/SOURCES.txt
-- Installing: /home/mickaborscha/ros_hallway_pathfinder/robot_ws/install/underground_world/lib/python3.12/site-packages/underground_world-0.1.0-py3.12.egg-info/top_level.txt
-- Installing: /home/mickaborscha/ros_hallway_pathfinder/robot_ws/install/underground_world/lib/python3.12/site-packages/underground_world-0.1.0-py3.12.egg-info/dependency_links.txt
-- Installing: /home/mickaborscha/ros_hallway_pathfinder/robot_ws/install/underground_world/lib/python3.12/site-packages/underground_world
-- Installing: /home/mickaborscha/ros_hallway_pathfinder/robot_ws/install/underground_world/lib/python3.12/site-packages/underground_world/underground_world_s__rosidl_typesupport_c.so
-- Installing: /home/mickaborscha/ros_hallway_pathfinder/robot_ws/install/underground_world/lib/python3.12/site-packages/underground_world/srv
-- Installing: /home/mickaborscha/ros_hallway_pathfinder/robot_ws/install/underground_world/lib/python3.12/site-packages/underground_world/srv/_payload_trigger.py
-- Installing: /home/mickaborscha/ros_hallway_pathfinder/robot_ws/install/underground_world/lib/python3.12/site-packages/underground_world/srv/_payload_trigger_s.c
-- Installing: /home/mickaborscha/ros_hallway_pathfinder/robot_ws/install/underground_world/lib/python3.12/site-packages/underground_world/srv/__init__.py
-- Installing: /home/mickaborscha/ros_hallway_pathfinder/robot_ws/install/underground_world/lib/python3.12/site-packages/underground_world/_underground_world_s.ep.rosidl_typesupport_introspection_c.c
-- Installing: /home/mickaborscha/ros_hallway_pathfinder/robot_ws/install/underground_world/lib/python3.12/site-packages/underground_world/underground_world_s__rosidl_typesupport_introspection_c.so
-- Installing: /home/mickaborscha/ros_hallway_pathfinder/robot_ws/install/underground_world/lib/python3.12/site-packages/underground_world/_underground_world_s.ep.rosidl_typesupport_c.c
-- Installing: /home/mickaborscha/ros_hallway_pathfinder/robot_ws/install/underground_world/lib/python3.12/site-packages/underground_world/_underground_world_s.ep.rosidl_typesupport_fastrtps_c.c
-- Installing: /home/mickaborscha/ros_hallway_pathfinder/robot_ws/install/underground_world/lib/python3.12/site-packages/underground_world/underground_world_s__rosidl_typesupport_fastrtps_c.so
-- Installing: /home/mickaborscha/ros_hallway_pathfinder/robot_ws/install/underground_world/lib/python3.12/site-packages/underground_world/__init__.py
-- Installing: /home/mickaborscha/ros_hallway_pathfinder/robot_ws/install/underground_world/lib/python3.12/site-packages/underground_world/msg
-- Installing: /home/mickaborscha/ros_hallway_pathfinder/robot_ws/install/underground_world/lib/python3.12/site-packages/underground_world/msg/_move_command_s.c
-- Installing: /home/mickaborscha/ros_hallway_pathfinder/robot_ws/install/underground_world/lib/python3.12/site-packages/underground_world/msg/_cell_observation_s.c
-- Installing: /home/mickaborscha/ros_hallway_pathfinder/robot_ws/install/underground_world/lib/python3.12/site-packages/underground_world/msg/_enemy_down.py
-- Installing: /home/mickaborscha/ros_hallway_pathfinder/robot_ws/install/underground_world/lib/python3.12/site-packages/underground_world/msg/_robot_metrics.py
-- Installing: /home/mickaborscha/ros_hallway_pathfinder/robot_ws/install/underground_world/lib/python3.12/site-packages/underground_world/msg/_robot_result_s.c
-- Installing: /home/mickaborscha/ros_hallway_pathfinder/robot_ws/install/underground_world/lib/python3.12/site-packages/underground_world/msg/_student_status.py
-- Installing: /home/mickaborscha/ros_hallway_pathfinder/robot_ws/install/underground_world/lib/python3.12/site-packages/underground_world/msg/_student_status_s.c
-- Installing: /home/mickaborscha/ros_hallway_pathfinder/robot_ws/install/underground_world/lib/python3.12/site-packages/underground_world/msg/_robot_metrics_s.c
-- Installing: /home/mickaborscha/ros_hallway_pathfinder/robot_ws/install/underground_world/lib/python3.12/site-packages/underground_world/msg/_enemy_down_s.c
-- Installing: /home/mickaborscha/ros_hallway_pathfinder/robot_ws/install/underground_world/lib/python3.12/site-packages/underground_world/msg/_move_command.py
-- Installing: /home/mickaborscha/ros_hallway_pathfinder/robot_ws/install/underground_world/lib/python3.12/site-packages/underground_world/msg/_robot_result.py
-- Installing: /home/mickaborscha/ros_hallway_pathfinder/robot_ws/install/underground_world/lib/python3.12/site-packages/underground_world/msg/_local_scan.py
-- Installing: /home/mickaborscha/ros_hallway_pathfinder/robot_ws/install/underground_world/lib/python3.12/site-packages/underground_world/msg/_local_scan_s.c
-- Installing: /home/mickaborscha/ros_hallway_pathfinder/robot_ws/install/underground_world/lib/python3.12/site-packages/underground_world/msg/_cell_observation.py
-- Installing: /home/mickaborscha/ros_hallway_pathfinder/robot_ws/install/underground_world/lib/python3.12/site-packages/underground_world/msg/__init__.py
Listing '/home/mickaborscha/ros_hallway_pathfinder/robot_ws/install/underground_world/lib/python3.12/site-packages/underground_world'...
Compiling '/home/mickaborscha/ros_hallway_pathfinder/robot_ws/install/underground_world/lib/python3.12/site-packages/underground_world/__init__.py'...
Listing '/home/mickaborscha/ros_hallway_pathfinder/robot_ws/install/underground_world/lib/python3.12/site-packages/underground_world/msg'...
Compiling '/home/mickaborscha/ros_hallway_pathfinder/robot_ws/install/underground_world/lib/python3.12/site-packages/underground_world/msg/__init__.py'...
Compiling '/home/mickaborscha/ros_hallway_pathfinder/robot_ws/install/underground_world/lib/python3.12/site-packages/underground_world/msg/_cell_observation.py'...
Compiling '/home/mickaborscha/ros_hallway_pathfinder/robot_ws/install/underground_world/lib/python3.12/site-packages/underground_world/msg/_enemy_down.py'...
Compiling '/home/mickaborscha/ros_hallway_pathfinder/robot_ws/install/underground_world/lib/python3.12/site-packages/underground_world/msg/_local_scan.py'...
Compiling '/home/mickaborscha/ros_hallway_pathfinder/robot_ws/install/underground_world/lib/python3.12/site-packages/underground_world/msg/_move_command.py'...
Compiling '/home/mickaborscha/ros_hallway_pathfinder/robot_ws/install/underground_world/lib/python3.12/site-packages/underground_world/msg/_robot_metrics.py'...
Compiling '/home/mickaborscha/ros_hallway_pathfinder/robot_ws/install/underground_world/lib/python3.12/site-packages/underground_world/msg/_robot_result.py'...
Compiling '/home/mickaborscha/ros_hallway_pathfinder/robot_ws/install/underground_world/lib/python3.12/site-packages/underground_world/msg/_student_status.py'...
Listing '/home/mickaborscha/ros_hallway_pathfinder/robot_ws/install/underground_world/lib/python3.12/site-packages/underground_world/srv'...
Compiling '/home/mickaborscha/ros_hallway_pathfinder/robot_ws/install/underground_world/lib/python3.12/site-packages/underground_world/srv/__init__.py'...
Compiling '/home/mickaborscha/ros_hallway_pathfinder/robot_ws/install/underground_world/lib/python3.12/site-packages/underground_world/srv/_payload_trigger.py'...
-- Installing: /home/mickaborscha/ros_hallway_pathfinder/robot_ws/install/underground_world/lib/python3.12/site-packages/underground_world/underground_world_s__rosidl_typesupport_fastrtps_c.so
-- Set non-toolchain portion of runtime path of "/home/mickaborscha/ros_hallway_pathfinder/robot_ws/install/underground_world/lib/python3.12/site-packages/underground_world/underground_world_s__rosidl_typesupport_fastrtps_c.so" to ""
-- Installing: /home/mickaborscha/ros_hallway_pathfinder/robot_ws/install/underground_world/lib/python3.12/site-packages/underground_world/underground_world_s__rosidl_typesupport_introspection_c.so
-- Set non-toolchain portion of runtime path of "/home/mickaborscha/ros_hallway_pathfinder/robot_ws/install/underground_world/lib/python3.12/site-packages/underground_world/underground_world_s__rosidl_typesupport_introspection_c.so" to ""
-- Installing: /home/mickaborscha/ros_hallway_pathfinder/robot_ws/install/underground_world/lib/python3.12/site-packages/underground_world/underground_world_s__rosidl_typesupport_c.so
-- Set non-toolchain portion of runtime path of "/home/mickaborscha/ros_hallway_pathfinder/robot_ws/install/underground_world/lib/python3.12/site-packages/underground_world/underground_world_s__rosidl_typesupport_c.so" to ""
-- Installing: /home/mickaborscha/ros_hallway_pathfinder/robot_ws/install/underground_world/lib/libunderground_world__rosidl_generator_py.so
-- Set non-toolchain portion of runtime path of "/home/mickaborscha/ros_hallway_pathfinder/robot_ws/install/underground_world/lib/libunderground_world__rosidl_generator_py.so" to ""
-- Installing: /home/mickaborscha/ros_hallway_pathfinder/robot_ws/install/underground_world/share/ament_index/resource_index/rust_packages/underground_world
-- Installing: /home/mickaborscha/ros_hallway_pathfinder/robot_ws/install/underground_world/share/underground_world/rust
-- Installing: /home/mickaborscha/ros_hallway_pathfinder/robot_ws/install/underground_world/share/underground_world/rust/Cargo.toml
-- Installing: /home/mickaborscha/ros_hallway_pathfinder/robot_ws/install/underground_world/share/underground_world/rust/build.rs
-- Installing: /home/mickaborscha/ros_hallway_pathfinder/robot_ws/install/underground_world/share/underground_world/rust/src
-- Installing: /home/mickaborscha/ros_hallway_pathfinder/robot_ws/install/underground_world/share/underground_world/rust/src/srv
-- Installing: /home/mickaborscha/ros_hallway_pathfinder/robot_ws/install/underground_world/share/underground_world/rust/src/srv/rmw.rs
-- Installing: /home/mickaborscha/ros_hallway_pathfinder/robot_ws/install/underground_world/share/underground_world/rust/src/lib.rs
-- Installing: /home/mickaborscha/ros_hallway_pathfinder/robot_ws/install/underground_world/share/underground_world/rust/src/msg.rs
-- Installing: /home/mickaborscha/ros_hallway_pathfinder/robot_ws/install/underground_world/share/underground_world/rust/src/srv.rs
-- Installing: /home/mickaborscha/ros_hallway_pathfinder/robot_ws/install/underground_world/share/underground_world/rust/src/msg
-- Installing: /home/mickaborscha/ros_hallway_pathfinder/robot_ws/install/underground_world/share/underground_world/rust/src/msg/rmw.rs
-- Installing: /home/mickaborscha/ros_hallway_pathfinder/robot_ws/install/underground_world/share/underground_world/msg/CellObservation.idl
-- Installing: /home/mickaborscha/ros_hallway_pathfinder/robot_ws/install/underground_world/share/underground_world/msg/LocalScan.idl
-- Installing: /home/mickaborscha/ros_hallway_pathfinder/robot_ws/install/underground_world/share/underground_world/msg/MoveCommand.idl
-- Installing: /home/mickaborscha/ros_hallway_pathfinder/robot_ws/install/underground_world/share/underground_world/msg/EnemyDown.idl
-- Installing: /home/mickaborscha/ros_hallway_pathfinder/robot_ws/install/underground_world/share/underground_world/msg/RobotMetrics.idl
-- Installing: /home/mickaborscha/ros_hallway_pathfinder/robot_ws/install/underground_world/share/underground_world/msg/RobotResult.idl
-- Installing: /home/mickaborscha/ros_hallway_pathfinder/robot_ws/install/underground_world/share/underground_world/msg/StudentStatus.idl
-- Installing: /home/mickaborscha/ros_hallway_pathfinder/robot_ws/install/underground_world/share/underground_world/srv/PayloadTrigger.idl
-- Installing: /home/mickaborscha/ros_hallway_pathfinder/robot_ws/install/underground_world/share/underground_world/msg/CellObservation.msg
-- Installing: /home/mickaborscha/ros_hallway_pathfinder/robot_ws/install/underground_world/share/underground_world/msg/LocalScan.msg
-- Installing: /home/mickaborscha/ros_hallway_pathfinder/robot_ws/install/underground_world/share/underground_world/msg/MoveCommand.msg
-- Installing: /home/mickaborscha/ros_hallway_pathfinder/robot_ws/install/underground_world/share/underground_world/msg/EnemyDown.msg
-- Installing: /home/mickaborscha/ros_hallway_pathfinder/robot_ws/install/underground_world/share/underground_world/msg/RobotMetrics.msg
-- Installing: /home/mickaborscha/ros_hallway_pathfinder/robot_ws/install/underground_world/share/underground_world/msg/RobotResult.msg
-- Installing: /home/mickaborscha/ros_hallway_pathfinder/robot_ws/install/underground_world/share/underground_world/msg/StudentStatus.msg
-- Installing: /home/mickaborscha/ros_hallway_pathfinder/robot_ws/install/underground_world/share/underground_world/srv/PayloadTrigger.srv
-- Up-to-date: /home/mickaborscha/ros_hallway_pathfinder/robot_ws/install/underground_world/include/underground_world
-- Up-to-date: /home/mickaborscha/ros_hallway_pathfinder/robot_ws/install/underground_world/include/underground_world/underground_world
-- Installing: /home/mickaborscha/ros_hallway_pathfinder/robot_ws/install/underground_world/include/underground_world/underground_world/world_model.hpp
-- Installing: /home/mickaborscha/ros_hallway_pathfinder/robot_ws/install/underground_world/include/underground_world/underground_world/pathfinder_service.hpp
-- Installing: /home/mickaborscha/ros_hallway_pathfinder/robot_ws/install/underground_world/include/underground_world/underground_world/scenario_loader.hpp
-- Installing: /home/mickaborscha/ros_hallway_pathfinder/robot_ws/install/underground_world/include/underground_world/underground_world/scenario.hpp
-- Installing: /home/mickaborscha/ros_hallway_pathfinder/robot_ws/install/underground_world/lib/libunderground_world_core.so
-- Set non-toolchain portion of runtime path of "/home/mickaborscha/ros_hallway_pathfinder/robot_ws/install/underground_world/lib/libunderground_world_core.so" to ""
-- Installing: /home/mickaborscha/ros_hallway_pathfinder/robot_ws/install/underground_world/lib/underground_world/underground_world_node
-- Set non-toolchain portion of runtime path of "/home/mickaborscha/ros_hallway_pathfinder/robot_ws/install/underground_world/lib/underground_world/underground_world_node" to ""
-- Installing: /home/mickaborscha/ros_hallway_pathfinder/robot_ws/install/underground_world/lib/underground_world/pathfinder_move_node
-- Set non-toolchain portion of runtime path of "/home/mickaborscha/ros_hallway_pathfinder/robot_ws/install/underground_world/lib/underground_world/pathfinder_move_node" to ""
-- Installing: /home/mickaborscha/ros_hallway_pathfinder/robot_ws/install/underground_world/lib/underground_world/payload_trigger_node
-- Set non-toolchain portion of runtime path of "/home/mickaborscha/ros_hallway_pathfinder/robot_ws/install/underground_world/lib/underground_world/payload_trigger_node" to ""
-- Installing: /home/mickaborscha/ros_hallway_pathfinder/robot_ws/install/underground_world/share/underground_world/launch
-- Installing: /home/mickaborscha/ros_hallway_pathfinder/robot_ws/install/underground_world/share/underground_world/launch/system.launch.py
-- Installing: /home/mickaborscha/ros_hallway_pathfinder/robot_ws/install/underground_world/share/underground_world/config
-- Installing: /home/mickaborscha/ros_hallway_pathfinder/robot_ws/install/underground_world/share/underground_world/config/branching_trench.yaml
-- Installing: /home/mickaborscha/ros_hallway_pathfinder/robot_ws/install/underground_world/share/underground_world/config/small_rooms.yaml
-- Installing: /home/mickaborscha/ros_hallway_pathfinder/robot_ws/install/underground_world/share/underground_world/config/dead_end_bunker.yaml
-- Installing: /home/mickaborscha/ros_hallway_pathfinder/robot_ws/install/underground_world/share/underground_world/config/training_corridor.yaml
-- Installing: /home/mickaborscha/ros_hallway_pathfinder/robot_ws/install/underground_world/share/ament_index/resource_index/package_run_dependencies/underground_world
-- Installing: /home/mickaborscha/ros_hallway_pathfinder/robot_ws/install/underground_world/share/ament_index/resource_index/parent_prefix_path/underground_world
-- Installing: /home/mickaborscha/ros_hallway_pathfinder/robot_ws/install/underground_world/share/underground_world/environment/ament_prefix_path.sh
-- Installing: /home/mickaborscha/ros_hallway_pathfinder/robot_ws/install/underground_world/share/underground_world/environment/ament_prefix_path.dsv
-- Installing: /home/mickaborscha/ros_hallway_pathfinder/robot_ws/install/underground_world/share/underground_world/environment/path.sh
-- Installing: /home/mickaborscha/ros_hallway_pathfinder/robot_ws/install/underground_world/share/underground_world/environment/path.dsv
-- Installing: /home/mickaborscha/ros_hallway_pathfinder/robot_ws/install/underground_world/share/underground_world/local_setup.bash
-- Installing: /home/mickaborscha/ros_hallway_pathfinder/robot_ws/install/underground_world/share/underground_world/local_setup.sh
-- Installing: /home/mickaborscha/ros_hallway_pathfinder/robot_ws/install/underground_world/share/underground_world/local_setup.zsh
-- Installing: /home/mickaborscha/ros_hallway_pathfinder/robot_ws/install/underground_world/share/underground_world/local_setup.dsv
-- Installing: /home/mickaborscha/ros_hallway_pathfinder/robot_ws/install/underground_world/share/underground_world/package.dsv
-- Installing: /home/mickaborscha/ros_hallway_pathfinder/robot_ws/install/underground_world/share/ament_index/resource_index/packages/underground_world
-- Installing: /home/mickaborscha/ros_hallway_pathfinder/robot_ws/install/underground_world/share/underground_world/cmake/export_underground_world__rosidl_generator_cExport.cmake
-- Installing: /home/mickaborscha/ros_hallway_pathfinder/robot_ws/install/underground_world/share/underground_world/cmake/export_underground_world__rosidl_generator_cExport-debug.cmake
-- Installing: /home/mickaborscha/ros_hallway_pathfinder/robot_ws/install/underground_world/share/underground_world/cmake/export_underground_world__rosidl_typesupport_fastrtps_cExport.cmake
-- Installing: /home/mickaborscha/ros_hallway_pathfinder/robot_ws/install/underground_world/share/underground_world/cmake/export_underground_world__rosidl_typesupport_fastrtps_cExport-debug.cmake
-- Installing: /home/mickaborscha/ros_hallway_pathfinder/robot_ws/install/underground_world/share/underground_world/cmake/underground_world__rosidl_typesupport_introspection_cExport.cmake
-- Installing: /home/mickaborscha/ros_hallway_pathfinder/robot_ws/install/underground_world/share/underground_world/cmake/underground_world__rosidl_typesupport_introspection_cExport-debug.cmake
-- Installing: /home/mickaborscha/ros_hallway_pathfinder/robot_ws/install/underground_world/share/underground_world/cmake/underground_world__rosidl_typesupport_cExport.cmake
-- Installing: /home/mickaborscha/ros_hallway_pathfinder/robot_ws/install/underground_world/share/underground_world/cmake/underground_world__rosidl_typesupport_cExport-debug.cmake
-- Installing: /home/mickaborscha/ros_hallway_pathfinder/robot_ws/install/underground_world/share/underground_world/cmake/export_underground_world__rosidl_generator_cppExport.cmake
-- Installing: /home/mickaborscha/ros_hallway_pathfinder/robot_ws/install/underground_world/share/underground_world/cmake/export_underground_world__rosidl_typesupport_fastrtps_cppExport.cmake
-- Installing: /home/mickaborscha/ros_hallway_pathfinder/robot_ws/install/underground_world/share/underground_world/cmake/export_underground_world__rosidl_typesupport_fastrtps_cppExport-debug.cmake
-- Installing: /home/mickaborscha/ros_hallway_pathfinder/robot_ws/install/underground_world/share/underground_world/cmake/underground_world__rosidl_typesupport_introspection_cppExport.cmake
-- Installing: /home/mickaborscha/ros_hallway_pathfinder/robot_ws/install/underground_world/share/underground_world/cmake/underground_world__rosidl_typesupport_introspection_cppExport-debug.cmake
-- Installing: /home/mickaborscha/ros_hallway_pathfinder/robot_ws/install/underground_world/share/underground_world/cmake/underground_world__rosidl_typesupport_cppExport.cmake
-- Installing: /home/mickaborscha/ros_hallway_pathfinder/robot_ws/install/underground_world/share/underground_world/cmake/underground_world__rosidl_typesupport_cppExport-debug.cmake
-- Installing: /home/mickaborscha/ros_hallway_pathfinder/robot_ws/install/underground_world/share/underground_world/cmake/export_underground_world__rosidl_generator_pyExport.cmake
-- Installing: /home/mickaborscha/ros_hallway_pathfinder/robot_ws/install/underground_world/share/underground_world/cmake/export_underground_world__rosidl_generator_pyExport-debug.cmake
-- Installing: /home/mickaborscha/ros_hallway_pathfinder/robot_ws/install/underground_world/share/underground_world/cmake/rosidl_cmake-extras.cmake
-- Installing: /home/mickaborscha/ros_hallway_pathfinder/robot_ws/install/underground_world/share/underground_world/cmake/ament_cmake_export_dependencies-extras.cmake
-- Installing: /home/mickaborscha/ros_hallway_pathfinder/robot_ws/install/underground_world/share/underground_world/cmake/ament_cmake_export_include_directories-extras.cmake
-- Installing: /home/mickaborscha/ros_hallway_pathfinder/robot_ws/install/underground_world/share/underground_world/cmake/ament_cmake_export_libraries-extras.cmake
-- Installing: /home/mickaborscha/ros_hallway_pathfinder/robot_ws/install/underground_world/share/underground_world/cmake/ament_cmake_export_targets-extras.cmake
-- Installing: /home/mickaborscha/ros_hallway_pathfinder/robot_ws/install/underground_world/share/underground_world/cmake/rosidl_cmake_export_typesupport_targets-extras.cmake
-- Installing: /home/mickaborscha/ros_hallway_pathfinder/robot_ws/install/underground_world/share/underground_world/cmake/rosidl_cmake_export_typesupport_libraries-extras.cmake
-- Installing: /home/mickaborscha/ros_hallway_pathfinder/robot_ws/install/underground_world/share/underground_world/cmake/rosidl_cmake_aggregate_target-extras.cmake
-- Installing: /home/mickaborscha/ros_hallway_pathfinder/robot_ws/install/underground_world/share/underground_world/cmake/underground_worldConfig.cmake
-- Installing: /home/mickaborscha/ros_hallway_pathfinder/robot_ws/install/underground_world/share/underground_world/cmake/underground_worldConfig-version.cmake
-- Installing: /home/mickaborscha/ros_hallway_pathfinder/robot_ws/install/underground_world/share/underground_world/package.xml
