[0.140s] DEBUG:colcon:Command line arguments: ['/usr/bin/colcon', 'build', '--cmake-args', '-DCMAKE_BUILD_TYPE=Debug']
[0.140s] DEBUG:colcon:Parsed command line arguments: Namespace(log_base=None, log_level=None, verb_name='build', build_base='build', install_base='install', merge_install=False, symlink_install=False, test_result_base=None, continue_on_error=False, executor='parallel', parallel_workers=16, event_handlers=None, ignore_user_meta=False, metas=['./colcon.meta'], base_paths=['.'], packages_ignore=None, packages_ignore_regex=None, paths=None, packages_up_to=None, packages_up_to_regex=None, packages_above=None, packages_above_and_dependencies=None, packages_above_depth=None, packages_select_by_dep=None, packages_skip_by_dep=None, packages_skip_up_to=None, packages_select_build_failed=False, packages_skip_build_finished=False, packages_select_test_failures=False, packages_skip_test_passed=False, packages_select=None, packages_skip=None, packages_select_regex=None, packages_skip_regex=None, packages_start=None, packages_end=None, cmake_args=['-DCMAKE_BUILD_TYPE=Debug'], cmake_target=None, cmake_target_skip_unavailable=False, cmake_clean_cache=False, cmake_clean_first=False, cmake_force_configure=False, ament_cmake_args=None, catkin_cmake_args=None, catkin_skip_building_tests=False, mixin_files=None, mixin=None, verb_parser=<colcon_mixin.mixin.mixin_argument.MixinArgumentDecorator object at 0x7f2467850ce0>, verb_extension=<colcon_core.verb.build.BuildVerb object at 0x7f24679b4bf0>, main=<bound method BuildVerb.main of <colcon_core.verb.build.BuildVerb object at 0x7f24679b4bf0>>, mixin_verb=('build',))
[0.200s] Level 1:colcon.colcon_core.package_discovery:discover_packages(colcon_meta) check parameters
[0.200s] Level 1:colcon.colcon_core.package_discovery:discover_packages(recursive) check parameters
[0.200s] Level 1:colcon.colcon_core.package_discovery:discover_packages(ignore) check parameters
[0.200s] Level 1:colcon.colcon_core.package_discovery:discover_packages(path) check parameters
[0.200s] Level 1:colcon.colcon_core.package_discovery:discover_packages(colcon_meta) discover
[0.200s] Level 1:colcon.colcon_core.package_discovery:discover_packages(recursive) discover
[0.200s] INFO:colcon.colcon_core.package_discovery:Crawling recursively for packages in '/home/mickaborscha/ros_hallway_pathfinder/robot_ws'
[0.200s] Level 1:colcon.colcon_core.package_identification:_identify(.) by extensions ['ignore', 'ignore_ament_install']
[0.200s] Level 1:colcon.colcon_core.package_identification:_identify(.) by extension 'ignore'
[0.200s] Level 1:colcon.colcon_core.package_identification:_identify(.) by extension 'ignore_ament_install'
[0.200s] Level 1:colcon.colcon_core.package_identification:_identify(.) by extensions ['colcon_pkg']
[0.200s] Level 1:colcon.colcon_core.package_identification:_identify(.) by extension 'colcon_pkg'
[0.200s] Level 1:colcon.colcon_core.package_identification:_identify(.) by extensions ['colcon_meta']
[0.200s] Level 1:colcon.colcon_core.package_identification:_identify(.) by extension 'colcon_meta'
[0.200s] Level 1:colcon.colcon_core.package_identification:_identify(.) by extensions ['ros']
[0.200s] Level 1:colcon.colcon_core.package_identification:_identify(.) by extension 'ros'
[0.232s] Level 1:colcon.colcon_core.package_identification:_identify(.) by extensions ['cmake', 'python']
[0.232s] Level 1:colcon.colcon_core.package_identification:_identify(.) by extension 'cmake'
[0.232s] Level 1:colcon.colcon_core.package_identification:_identify(.) by extension 'python'
[0.232s] Level 1:colcon.colcon_core.package_identification:_identify(.) by extensions ['python_setup_py']
[0.232s] Level 1:colcon.colcon_core.package_identification:_identify(.) by extension 'python_setup_py'
[0.232s] Level 1:colcon.colcon_core.package_identification:_identify(build) by extensions ['ignore', 'ignore_ament_install']
[0.232s] Level 1:colcon.colcon_core.package_identification:_identify(build) by extension 'ignore'
[0.232s] Level 1:colcon.colcon_core.package_identification:_identify(build) ignored
[0.233s] Level 1:colcon.colcon_core.package_identification:_identify(install) by extensions ['ignore', 'ignore_ament_install']
[0.233s] Level 1:colcon.colcon_core.package_identification:_identify(install) by extension 'ignore'
[0.233s] Level 1:colcon.colcon_core.package_identification:_identify(install) ignored
[0.233s] Level 1:colcon.colcon_core.package_identification:_identify(log) by extensions ['ignore', 'ignore_ament_install']
[0.233s] Level 1:colcon.colcon_core.package_identification:_identify(log) by extension 'ignore'
[0.233s] Level 1:colcon.colcon_core.package_identification:_identify(log) ignored
[0.233s] Level 1:colcon.colcon_core.package_identification:_identify(scripts) by extensions ['ignore', 'ignore_ament_install']
[0.233s] Level 1:colcon.colcon_core.package_identification:_identify(scripts) by extension 'ignore'
[0.233s] Level 1:colcon.colcon_core.package_identification:_identify(scripts) by extension 'ignore_ament_install'
[0.233s] Level 1:colcon.colcon_core.package_identification:_identify(scripts) by extensions ['colcon_pkg']
[0.233s] Level 1:colcon.colcon_core.package_identification:_identify(scripts) by extension 'colcon_pkg'
[0.233s] Level 1:colcon.colcon_core.package_identification:_identify(scripts) by extensions ['colcon_meta']
[0.233s] Level 1:colcon.colcon_core.package_identification:_identify(scripts) by extension 'colcon_meta'
[0.233s] Level 1:colcon.colcon_core.package_identification:_identify(scripts) by extensions ['ros']
[0.233s] Level 1:colcon.colcon_core.package_identification:_identify(scripts) by extension 'ros'
[0.233s] Level 1:colcon.colcon_core.package_identification:_identify(scripts) by extensions ['cmake', 'python']
[0.234s] Level 1:colcon.colcon_core.package_identification:_identify(scripts) by extension 'cmake'
[0.234s] Level 1:colcon.colcon_core.package_identification:_identify(scripts) by extension 'python'
[0.234s] Level 1:colcon.colcon_core.package_identification:_identify(scripts) by extensions ['python_setup_py']
[0.234s] Level 1:colcon.colcon_core.package_identification:_identify(scripts) by extension 'python_setup_py'
[0.234s] Level 1:colcon.colcon_core.package_identification:_identify(src) by extensions ['ignore', 'ignore_ament_install']
[0.234s] Level 1:colcon.colcon_core.package_identification:_identify(src) by extension 'ignore'
[0.234s] Level 1:colcon.colcon_core.package_identification:_identify(src) by extension 'ignore_ament_install'
[0.234s] Level 1:colcon.colcon_core.package_identification:_identify(src) by extensions ['colcon_pkg']
[0.234s] Level 1:colcon.colcon_core.package_identification:_identify(src) by extension 'colcon_pkg'
[0.234s] Level 1:colcon.colcon_core.package_identification:_identify(src) by extensions ['colcon_meta']
[0.234s] Level 1:colcon.colcon_core.package_identification:_identify(src) by extension 'colcon_meta'
[0.234s] Level 1:colcon.colcon_core.package_identification:_identify(src) by extensions ['ros']
[0.234s] Level 1:colcon.colcon_core.package_identification:_identify(src) by extension 'ros'
[0.234s] Level 1:colcon.colcon_core.package_identification:_identify(src) by extensions ['cmake', 'python']
[0.234s] Level 1:colcon.colcon_core.package_identification:_identify(src) by extension 'cmake'
[0.234s] Level 1:colcon.colcon_core.package_identification:_identify(src) by extension 'python'
[0.234s] Level 1:colcon.colcon_core.package_identification:_identify(src) by extensions ['python_setup_py']
[0.234s] Level 1:colcon.colcon_core.package_identification:_identify(src) by extension 'python_setup_py'
[0.234s] Level 1:colcon.colcon_core.package_identification:_identify(src/underground_world) by extensions ['ignore', 'ignore_ament_install']
[0.234s] Level 1:colcon.colcon_core.package_identification:_identify(src/underground_world) by extension 'ignore'
[0.235s] Level 1:colcon.colcon_core.package_identification:_identify(src/underground_world) by extension 'ignore_ament_install'
[0.235s] Level 1:colcon.colcon_core.package_identification:_identify(src/underground_world) by extensions ['colcon_pkg']
[0.235s] Level 1:colcon.colcon_core.package_identification:_identify(src/underground_world) by extension 'colcon_pkg'
[0.235s] Level 1:colcon.colcon_core.package_identification:_identify(src/underground_world) by extensions ['colcon_meta']
[0.235s] Level 1:colcon.colcon_core.package_identification:_identify(src/underground_world) by extension 'colcon_meta'
[0.235s] Level 1:colcon.colcon_core.package_identification:_identify(src/underground_world) by extensions ['ros']
[0.235s] Level 1:colcon.colcon_core.package_identification:_identify(src/underground_world) by extension 'ros'
[0.238s] DEBUG:colcon.colcon_core.package_identification:Package 'src/underground_world' with type 'ros.ament_cmake' and name 'underground_world'
[0.238s] Level 1:colcon.colcon_core.package_discovery:discover_packages(recursive) using defaults
[0.238s] Level 1:colcon.colcon_core.package_discovery:discover_packages(ignore) discover
[0.238s] Level 1:colcon.colcon_core.package_discovery:discover_packages(ignore) using defaults
[0.238s] Level 1:colcon.colcon_core.package_discovery:discover_packages(path) discover
[0.238s] Level 1:colcon.colcon_core.package_discovery:discover_packages(path) using defaults
[0.259s] Level 5:colcon.colcon_core.verb:set package 'underground_world' build argument 'cmake_args' from command line to '['-DCMAKE_BUILD_TYPE=Debug']'
[0.259s] Level 5:colcon.colcon_core.verb:set package 'underground_world' build argument 'cmake_target' from command line to 'None'
[0.259s] Level 5:colcon.colcon_core.verb:set package 'underground_world' build argument 'cmake_target_skip_unavailable' from command line to 'False'
[0.259s] Level 5:colcon.colcon_core.verb:set package 'underground_world' build argument 'cmake_clean_cache' from command line to 'False'
[0.259s] Level 5:colcon.colcon_core.verb:set package 'underground_world' build argument 'cmake_clean_first' from command line to 'False'
[0.259s] Level 5:colcon.colcon_core.verb:set package 'underground_world' build argument 'cmake_force_configure' from command line to 'False'
[0.259s] Level 5:colcon.colcon_core.verb:set package 'underground_world' build argument 'ament_cmake_args' from command line to 'None'
[0.259s] Level 5:colcon.colcon_core.verb:set package 'underground_world' build argument 'catkin_cmake_args' from command line to 'None'
[0.259s] Level 5:colcon.colcon_core.verb:set package 'underground_world' build argument 'catkin_skip_building_tests' from command line to 'False'
[0.259s] DEBUG:colcon.colcon_core.verb:Building package 'underground_world' with the following arguments: {'ament_cmake_args': None, 'build_base': '/home/mickaborscha/ros_hallway_pathfinder/robot_ws/build/underground_world', 'catkin_cmake_args': None, 'catkin_skip_building_tests': False, 'cmake_args': ['-DCMAKE_BUILD_TYPE=Debug'], 'cmake_clean_cache': False, 'cmake_clean_first': False, 'cmake_force_configure': False, 'cmake_target': None, 'cmake_target_skip_unavailable': False, 'install_base': '/home/mickaborscha/ros_hallway_pathfinder/robot_ws/install/underground_world', 'merge_install': False, 'path': '/home/mickaborscha/ros_hallway_pathfinder/robot_ws/src/underground_world', 'symlink_install': False, 'test_result_base': None}
[0.259s] INFO:colcon.colcon_core.executor:Executing jobs using 'parallel' executor
[0.260s] DEBUG:colcon.colcon_parallel_executor.executor.parallel:run_until_complete
[0.261s] INFO:colcon.colcon_ros.task.ament_cmake.build:Building ROS package in '/home/mickaborscha/ros_hallway_pathfinder/robot_ws/src/underground_world' with build type 'ament_cmake'
[0.261s] INFO:colcon.colcon_cmake.task.cmake.build:Building CMake package in '/home/mickaborscha/ros_hallway_pathfinder/robot_ws/src/underground_world'
[0.265s] INFO:colcon.colcon_core.plugin_system:Skipping extension 'colcon_core.shell.bat': Not used on non-Windows systems
[0.265s] INFO:colcon.colcon_core.shell:Skip shell extension 'powershell' for command environment: Not usable outside of PowerShell
[0.265s] DEBUG:colcon.colcon_core.shell:Skip shell extension 'dsv' for command environment
[0.278s] DEBUG:colcon.colcon_core.event_handler.log_command:Invoking command in '/home/mickaborscha/ros_hallway_pathfinder/robot_ws/build/underground_world': CMAKE_PREFIX_PATH=${CMAKE_PREFIX_PATH}:/opt/ros/jazzy /usr/bin/cmake /home/mickaborscha/ros_hallway_pathfinder/robot_ws/src/underground_world -DCMAKE_BUILD_TYPE=Debug -DCMAKE_INSTALL_PREFIX=/home/mickaborscha/ros_hallway_pathfinder/robot_ws/install/underground_world
[3.344s] DEBUG:colcon.colcon_core.event_handler.log_command:Invoked command in '/home/mickaborscha/ros_hallway_pathfinder/robot_ws/build/underground_world' returned '0': CMAKE_PREFIX_PATH=${CMAKE_PREFIX_PATH}:/opt/ros/jazzy /usr/bin/cmake /home/mickaborscha/ros_hallway_pathfinder/robot_ws/src/underground_world -DCMAKE_BUILD_TYPE=Debug -DCMAKE_INSTALL_PREFIX=/home/mickaborscha/ros_hallway_pathfinder/robot_ws/install/underground_world
[3.345s] DEBUG:colcon.colcon_core.event_handler.log_command:Invoking command in '/home/mickaborscha/ros_hallway_pathfinder/robot_ws/build/underground_world': CMAKE_PREFIX_PATH=${CMAKE_PREFIX_PATH}:/opt/ros/jazzy /usr/bin/cmake --build /home/mickaborscha/ros_hallway_pathfinder/robot_ws/build/underground_world -- -j16 -l16
[19.909s] DEBUG:colcon.colcon_core.event_handler.log_command:Invoked command in '/home/mickaborscha/ros_hallway_pathfinder/robot_ws/build/underground_world' returned '0': CMAKE_PREFIX_PATH=${CMAKE_PREFIX_PATH}:/opt/ros/jazzy /usr/bin/cmake --build /home/mickaborscha/ros_hallway_pathfinder/robot_ws/build/underground_world -- -j16 -l16
[19.916s] DEBUG:colcon.colcon_core.event_handler.log_command:Invoking command in '/home/mickaborscha/ros_hallway_pathfinder/robot_ws/build/underground_world': CMAKE_PREFIX_PATH=${CMAKE_PREFIX_PATH}:/opt/ros/jazzy /usr/bin/cmake --install /home/mickaborscha/ros_hallway_pathfinder/robot_ws/build/underground_world
[20.094s] Level 1:colcon.colcon_core.environment:create_environment_scripts_only(underground_world)
[20.095s] DEBUG:colcon.colcon_core.event_handler.log_command:Invoked command in '/home/mickaborscha/ros_hallway_pathfinder/robot_ws/build/underground_world' returned '0': CMAKE_PREFIX_PATH=${CMAKE_PREFIX_PATH}:/opt/ros/jazzy /usr/bin/cmake --install /home/mickaborscha/ros_hallway_pathfinder/robot_ws/build/underground_world
[20.101s] Level 1:colcon.colcon_core.environment:checking '/home/mickaborscha/ros_hallway_pathfinder/robot_ws/install/underground_world' for CMake module files
[20.101s] Level 1:colcon.colcon_core.environment:checking '/home/mickaborscha/ros_hallway_pathfinder/robot_ws/install/underground_world' for CMake config files
[20.102s] Level 1:colcon.colcon_core.shell:create_environment_hook('underground_world', 'cmake_prefix_path')
[20.102s] INFO:colcon.colcon_core.shell:Creating environment hook '/home/mickaborscha/ros_hallway_pathfinder/robot_ws/install/underground_world/share/underground_world/hook/cmake_prefix_path.ps1'
[20.103s] INFO:colcon.colcon_core.shell:Creating environment descriptor '/home/mickaborscha/ros_hallway_pathfinder/robot_ws/install/underground_world/share/underground_world/hook/cmake_prefix_path.dsv'
[20.103s] INFO:colcon.colcon_core.shell:Creating environment hook '/home/mickaborscha/ros_hallway_pathfinder/robot_ws/install/underground_world/share/underground_world/hook/cmake_prefix_path.sh'
[20.105s] Level 1:colcon.colcon_core.environment:checking '/home/mickaborscha/ros_hallway_pathfinder/robot_ws/install/underground_world/lib'
[20.105s] Level 1:colcon.colcon_core.shell:create_environment_hook('underground_world', 'ld_library_path_lib')
[20.105s] INFO:colcon.colcon_core.shell:Creating environment hook '/home/mickaborscha/ros_hallway_pathfinder/robot_ws/install/underground_world/share/underground_world/hook/ld_library_path_lib.ps1'
[20.105s] INFO:colcon.colcon_core.shell:Creating environment descriptor '/home/mickaborscha/ros_hallway_pathfinder/robot_ws/install/underground_world/share/underground_world/hook/ld_library_path_lib.dsv'
[20.106s] INFO:colcon.colcon_core.shell:Creating environment hook '/home/mickaborscha/ros_hallway_pathfinder/robot_ws/install/underground_world/share/underground_world/hook/ld_library_path_lib.sh'
[20.106s] Level 1:colcon.colcon_core.environment:checking '/home/mickaborscha/ros_hallway_pathfinder/robot_ws/install/underground_world/bin'
[20.106s] Level 1:colcon.colcon_core.environment:checking '/home/mickaborscha/ros_hallway_pathfinder/robot_ws/install/underground_world/lib/pkgconfig/underground_world.pc'
[20.108s] Level 1:colcon.colcon_core.environment:checking '/home/mickaborscha/ros_hallway_pathfinder/robot_ws/install/underground_world/lib/python3.12/site-packages'
[20.109s] Level 1:colcon.colcon_core.shell:create_environment_hook('underground_world', 'pythonpath')
[20.109s] INFO:colcon.colcon_core.shell:Creating environment hook '/home/mickaborscha/ros_hallway_pathfinder/robot_ws/install/underground_world/share/underground_world/hook/pythonpath.ps1'
[20.109s] INFO:colcon.colcon_core.shell:Creating environment descriptor '/home/mickaborscha/ros_hallway_pathfinder/robot_ws/install/underground_world/share/underground_world/hook/pythonpath.dsv'
[20.109s] INFO:colcon.colcon_core.shell:Creating environment hook '/home/mickaborscha/ros_hallway_pathfinder/robot_ws/install/underground_world/share/underground_world/hook/pythonpath.sh'
[20.110s] Level 1:colcon.colcon_core.environment:checking '/home/mickaborscha/ros_hallway_pathfinder/robot_ws/install/underground_world/bin'
[20.110s] INFO:colcon.colcon_core.shell:Creating package script '/home/mickaborscha/ros_hallway_pathfinder/robot_ws/install/underground_world/share/underground_world/package.ps1'
[20.111s] INFO:colcon.colcon_core.shell:Creating package descriptor '/home/mickaborscha/ros_hallway_pathfinder/robot_ws/install/underground_world/share/underground_world/package.dsv'
[20.112s] INFO:colcon.colcon_core.shell:Creating package script '/home/mickaborscha/ros_hallway_pathfinder/robot_ws/install/underground_world/share/underground_world/package.sh'
[20.112s] INFO:colcon.colcon_core.shell:Creating package script '/home/mickaborscha/ros_hallway_pathfinder/robot_ws/install/underground_world/share/underground_world/package.bash'
[20.113s] INFO:colcon.colcon_core.shell:Creating package script '/home/mickaborscha/ros_hallway_pathfinder/robot_ws/install/underground_world/share/underground_world/package.zsh'
[20.114s] Level 1:colcon.colcon_core.environment:create_file_with_runtime_dependencies(/home/mickaborscha/ros_hallway_pathfinder/robot_ws/install/underground_world/share/colcon-core/packages/underground_world)
[20.115s] Level 1:colcon.colcon_core.environment:create_environment_scripts_only(underground_world)
[20.115s] Level 1:colcon.colcon_core.environment:checking '/home/mickaborscha/ros_hallway_pathfinder/robot_ws/install/underground_world' for CMake module files
[20.116s] Level 1:colcon.colcon_core.environment:checking '/home/mickaborscha/ros_hallway_pathfinder/robot_ws/install/underground_world' for CMake config files
[20.116s] Level 1:colcon.colcon_core.shell:create_environment_hook('underground_world', 'cmake_prefix_path')
[20.116s] INFO:colcon.colcon_core.shell:Creating environment hook '/home/mickaborscha/ros_hallway_pathfinder/robot_ws/install/underground_world/share/underground_world/hook/cmake_prefix_path.ps1'
[20.117s] INFO:colcon.colcon_core.shell:Creating environment descriptor '/home/mickaborscha/ros_hallway_pathfinder/robot_ws/install/underground_world/share/underground_world/hook/cmake_prefix_path.dsv'
[20.117s] INFO:colcon.colcon_core.shell:Creating environment hook '/home/mickaborscha/ros_hallway_pathfinder/robot_ws/install/underground_world/share/underground_world/hook/cmake_prefix_path.sh'
[20.117s] Level 1:colcon.colcon_core.environment:checking '/home/mickaborscha/ros_hallway_pathfinder/robot_ws/install/underground_world/lib'
[20.117s] Level 1:colcon.colcon_core.shell:create_environment_hook('underground_world', 'ld_library_path_lib')
[20.118s] INFO:colcon.colcon_core.shell:Creating environment hook '/home/mickaborscha/ros_hallway_pathfinder/robot_ws/install/underground_world/share/underground_world/hook/ld_library_path_lib.ps1'
[20.118s] INFO:colcon.colcon_core.shell:Creating environment descriptor '/home/mickaborscha/ros_hallway_pathfinder/robot_ws/install/underground_world/share/underground_world/hook/ld_library_path_lib.dsv'
[20.118s] INFO:colcon.colcon_core.shell:Creating environment hook '/home/mickaborscha/ros_hallway_pathfinder/robot_ws/install/underground_world/share/underground_world/hook/ld_library_path_lib.sh'
[20.118s] Level 1:colcon.colcon_core.environment:checking '/home/mickaborscha/ros_hallway_pathfinder/robot_ws/install/underground_world/bin'
[20.119s] Level 1:colcon.colcon_core.environment:checking '/home/mickaborscha/ros_hallway_pathfinder/robot_ws/install/underground_world/lib/pkgconfig/underground_world.pc'
[20.119s] Level 1:colcon.colcon_core.environment:checking '/home/mickaborscha/ros_hallway_pathfinder/robot_ws/install/underground_world/lib/python3.12/site-packages'
[20.119s] Level 1:colcon.colcon_core.shell:create_environment_hook('underground_world', 'pythonpath')
[20.119s] INFO:colcon.colcon_core.shell:Creating environment hook '/home/mickaborscha/ros_hallway_pathfinder/robot_ws/install/underground_world/share/underground_world/hook/pythonpath.ps1'
[20.119s] INFO:colcon.colcon_core.shell:Creating environment descriptor '/home/mickaborscha/ros_hallway_pathfinder/robot_ws/install/underground_world/share/underground_world/hook/pythonpath.dsv'
[20.120s] INFO:colcon.colcon_core.shell:Creating environment hook '/home/mickaborscha/ros_hallway_pathfinder/robot_ws/install/underground_world/share/underground_world/hook/pythonpath.sh'
[20.120s] Level 1:colcon.colcon_core.environment:checking '/home/mickaborscha/ros_hallway_pathfinder/robot_ws/install/underground_world/bin'
[20.120s] INFO:colcon.colcon_core.shell:Creating package script '/home/mickaborscha/ros_hallway_pathfinder/robot_ws/install/underground_world/share/underground_world/package.ps1'
[20.121s] INFO:colcon.colcon_core.shell:Creating package descriptor '/home/mickaborscha/ros_hallway_pathfinder/robot_ws/install/underground_world/share/underground_world/package.dsv'
[20.121s] INFO:colcon.colcon_core.shell:Creating package script '/home/mickaborscha/ros_hallway_pathfinder/robot_ws/install/underground_world/share/underground_world/package.sh'
[20.122s] INFO:colcon.colcon_core.shell:Creating package script '/home/mickaborscha/ros_hallway_pathfinder/robot_ws/install/underground_world/share/underground_world/package.bash'
[20.122s] INFO:colcon.colcon_core.shell:Creating package script '/home/mickaborscha/ros_hallway_pathfinder/robot_ws/install/underground_world/share/underground_world/package.zsh'
[20.122s] Level 1:colcon.colcon_core.environment:create_file_with_runtime_dependencies(/home/mickaborscha/ros_hallway_pathfinder/robot_ws/install/underground_world/share/colcon-core/packages/underground_world)
[20.122s] DEBUG:colcon.colcon_parallel_executor.executor.parallel:closing loop
[20.123s] DEBUG:colcon.colcon_parallel_executor.executor.parallel:loop closed
[20.123s] DEBUG:colcon.colcon_parallel_executor.executor.parallel:run_until_complete finished with '0'
[20.123s] DEBUG:colcon.colcon_core.event_reactor:joining thread
[20.133s] INFO:colcon.colcon_core.plugin_system:Skipping extension 'colcon_notification.desktop_notification.notify_send': Could not find 'notify-send'
[20.133s] INFO:colcon.colcon_core.plugin_system:Skipping extension 'colcon_notification.desktop_notification.terminal_notifier': Not used on non-Darwin systems
[20.133s] INFO:colcon.colcon_core.plugin_system:Skipping extension 'colcon_notification.desktop_notification.win32': Not used on non-Windows systems
[20.133s] INFO:colcon.colcon_notification.desktop_notification:Sending desktop notification using 'notify2'
[20.135s] DEBUG:colcon.colcon_notification.desktop_notification.notify2:Failed to initialize notify2: org.freedesktop.DBus.Error.Spawn.ExecFailed: /usr/bin/dbus-launch terminated abnormally without any error message
[20.136s] DEBUG:colcon.colcon_core.event_reactor:joined thread
[20.136s] INFO:colcon.colcon_core.shell:Creating prefix script '/home/mickaborscha/ros_hallway_pathfinder/robot_ws/install/local_setup.ps1'
[20.137s] INFO:colcon.colcon_core.shell:Creating prefix util module '/home/mickaborscha/ros_hallway_pathfinder/robot_ws/install/_local_setup_util_ps1.py'
[20.138s] INFO:colcon.colcon_core.shell:Creating prefix chain script '/home/mickaborscha/ros_hallway_pathfinder/robot_ws/install/setup.ps1'
[20.139s] INFO:colcon.colcon_core.shell:Creating prefix script '/home/mickaborscha/ros_hallway_pathfinder/robot_ws/install/local_setup.sh'
[20.140s] INFO:colcon.colcon_core.shell:Creating prefix util module '/home/mickaborscha/ros_hallway_pathfinder/robot_ws/install/_local_setup_util_sh.py'
[20.140s] INFO:colcon.colcon_core.shell:Creating prefix chain script '/home/mickaborscha/ros_hallway_pathfinder/robot_ws/install/setup.sh'
[20.141s] INFO:colcon.colcon_core.shell:Creating prefix script '/home/mickaborscha/ros_hallway_pathfinder/robot_ws/install/local_setup.bash'
[20.142s] INFO:colcon.colcon_core.shell:Creating prefix chain script '/home/mickaborscha/ros_hallway_pathfinder/robot_ws/install/setup.bash'
[20.143s] INFO:colcon.colcon_core.shell:Creating prefix script '/home/mickaborscha/ros_hallway_pathfinder/robot_ws/install/local_setup.zsh'
[20.143s] INFO:colcon.colcon_core.shell:Creating prefix chain script '/home/mickaborscha/ros_hallway_pathfinder/robot_ws/install/setup.zsh'
